Archive member included to satisfy reference by file (symbol)

C:/STM32Installed/STM32CubeIDE_2.1.1/STM32CubeIDE/plugins/com.st.stm32cube.ide.mcu.externaltools.gnu-tools-for-stm32.14.3.rel1.win32_1.0.100.202602081740/tools/bin/../lib/gcc/arm-none-eabi/14.3.1/../../../../arm-none-eabi/lib/thumb/v7-m/nofp\libc_nano.a(libc_a-exit.o)
                              C:/STM32Installed/STM32CubeIDE_2.1.1/STM32CubeIDE/plugins/com.st.stm32cube.ide.mcu.externaltools.gnu-tools-for-stm32.14.3.rel1.win32_1.0.100.202602081740/tools/bin/../lib/gcc/arm-none-eabi/14.3.1/../../../../arm-none-eabi/lib/thumb/v7-m/nofp/crt0.o (exit)
C:/STM32Installed/STM32CubeIDE_2.1.1/STM32CubeIDE/plugins/com.st.stm32cube.ide.mcu.externaltools.gnu-tools-for-stm32.14.3.rel1.win32_1.0.100.202602081740/tools/bin/../lib/gcc/arm-none-eabi/14.3.1/../../../../arm-none-eabi/lib/thumb/v7-m/nofp\libc_nano.a(libc_a-findfp.o)
                              C:/STM32Installed/STM32CubeIDE_2.1.1/STM32CubeIDE/plugins/com.st.stm32cube.ide.mcu.externaltools.gnu-tools-for-stm32.14.3.rel1.win32_1.0.100.202602081740/tools/bin/../lib/gcc/arm-none-eabi/14.3.1/../../../../arm-none-eabi/lib/thumb/v7-m/nofp\libc_nano.a(libc_a-exit.o) (__stdio_exit_handler)
C:/STM32Installed/STM32CubeIDE_2.1.1/STM32CubeIDE/plugins/com.st.stm32cube.ide.mcu.externaltools.gnu-tools-for-stm32.14.3.rel1.win32_1.0.100.202602081740/tools/bin/../lib/gcc/arm-none-eabi/14.3.1/../../../../arm-none-eabi/lib/thumb/v7-m/nofp\libc_nano.a(libc_a-fwalk.o)
                              C:/STM32Installed/STM32CubeIDE_2.1.1/STM32CubeIDE/plugins/com.st.stm32cube.ide.mcu.externaltools.gnu-tools-for-stm32.14.3.rel1.win32_1.0.100.202602081740/tools/bin/../lib/gcc/arm-none-eabi/14.3.1/../../../../arm-none-eabi/lib/thumb/v7-m/nofp\libc_nano.a(libc_a-findfp.o) (_fwalk_sglue)
C:/STM32Installed/STM32CubeIDE_2.1.1/STM32CubeIDE/plugins/com.st.stm32cube.ide.mcu.externaltools.gnu-tools-for-stm32.14.3.rel1.win32_1.0.100.202602081740/tools/bin/../lib/gcc/arm-none-eabi/14.3.1/../../../../arm-none-eabi/lib/thumb/v7-m/nofp\libc_nano.a(libc_a-stdio.o)
                              C:/STM32Installed/STM32CubeIDE_2.1.1/STM32CubeIDE/plugins/com.st.stm32cube.ide.mcu.externaltools.gnu-tools-for-stm32.14.3.rel1.win32_1.0.100.202602081740/tools/bin/../lib/gcc/arm-none-eabi/14.3.1/../../../../arm-none-eabi/lib/thumb/v7-m/nofp\libc_nano.a(libc_a-findfp.o) (__sread)
C:/STM32Installed/STM32CubeIDE_2.1.1/STM32CubeIDE/plugins/com.st.stm32cube.ide.mcu.externaltools.gnu-tools-for-stm32.14.3.rel1.win32_1.0.100.202602081740/tools/bin/../lib/gcc/arm-none-eabi/14.3.1/../../../../arm-none-eabi/lib/thumb/v7-m/nofp\libc_nano.a(libc_a-memset.o)
                              C:/STM32Installed/STM32CubeIDE_2.1.1/STM32CubeIDE/plugins/com.st.stm32cube.ide.mcu.externaltools.gnu-tools-for-stm32.14.3.rel1.win32_1.0.100.202602081740/tools/bin/../lib/gcc/arm-none-eabi/14.3.1/../../../../arm-none-eabi/lib/thumb/v7-m/nofp/crt0.o (memset)
C:/STM32Installed/STM32CubeIDE_2.1.1/STM32CubeIDE/plugins/com.st.stm32cube.ide.mcu.externaltools.gnu-tools-for-stm32.14.3.rel1.win32_1.0.100.202602081740/tools/bin/../lib/gcc/arm-none-eabi/14.3.1/../../../../arm-none-eabi/lib/thumb/v7-m/nofp\libc_nano.a(libc_a-closer.o)
                              C:/STM32Installed/STM32CubeIDE_2.1.1/STM32CubeIDE/plugins/com.st.stm32cube.ide.mcu.externaltools.gnu-tools-for-stm32.14.3.rel1.win32_1.0.100.202602081740/tools/bin/../lib/gcc/arm-none-eabi/14.3.1/../../../../arm-none-eabi/lib/thumb/v7-m/nofp\libc_nano.a(libc_a-stdio.o) (_close_r)
C:/STM32Installed/STM32CubeIDE_2.1.1/STM32CubeIDE/plugins/com.st.stm32cube.ide.mcu.externaltools.gnu-tools-for-stm32.14.3.rel1.win32_1.0.100.202602081740/tools/bin/../lib/gcc/arm-none-eabi/14.3.1/../../../../arm-none-eabi/lib/thumb/v7-m/nofp\libc_nano.a(libc_a-reent.o)
                              C:/STM32Installed/STM32CubeIDE_2.1.1/STM32CubeIDE/plugins/com.st.stm32cube.ide.mcu.externaltools.gnu-tools-for-stm32.14.3.rel1.win32_1.0.100.202602081740/tools/bin/../lib/gcc/arm-none-eabi/14.3.1/../../../../arm-none-eabi/lib/thumb/v7-m/nofp\libc_nano.a(libc_a-closer.o) (errno)
C:/STM32Installed/STM32CubeIDE_2.1.1/STM32CubeIDE/plugins/com.st.stm32cube.ide.mcu.externaltools.gnu-tools-for-stm32.14.3.rel1.win32_1.0.100.202602081740/tools/bin/../lib/gcc/arm-none-eabi/14.3.1/../../../../arm-none-eabi/lib/thumb/v7-m/nofp\libc_nano.a(libc_a-impure.o)
                              C:/STM32Installed/STM32CubeIDE_2.1.1/STM32CubeIDE/plugins/com.st.stm32cube.ide.mcu.externaltools.gnu-tools-for-stm32.14.3.rel1.win32_1.0.100.202602081740/tools/bin/../lib/gcc/arm-none-eabi/14.3.1/../../../../arm-none-eabi/lib/thumb/v7-m/nofp\libc_nano.a(libc_a-reent.o) (_impure_ptr)
C:/STM32Installed/STM32CubeIDE_2.1.1/STM32CubeIDE/plugins/com.st.stm32cube.ide.mcu.externaltools.gnu-tools-for-stm32.14.3.rel1.win32_1.0.100.202602081740/tools/bin/../lib/gcc/arm-none-eabi/14.3.1/../../../../arm-none-eabi/lib/thumb/v7-m/nofp\libc_nano.a(libc_a-lseekr.o)
[...]
Memory Configuration

Name             Origin             Length             Attributes
RAM              0x20000000         0x00002800         xrw
FLASH            0x08000000         0x00008000         xr
*default*        0x00000000         0xffffffff

Linker script and memory map

LOAD C:/STM32Installed/STM32CubeIDE_2.1.1/STM32CubeIDE/plugins/com.st.stm32cube.ide.mcu.externaltools.gnu-tools-for-stm32.14.3.rel1.win32_1.0.100.202602081740/tools/bin/../lib/gcc/arm-none-eabi/14.3.1/thumb/v7-m/nofp/crti.o
LOAD C:/STM32Installed/STM32CubeIDE_2.1.1/STM32CubeIDE/plugins/com.st.stm32cube.ide.mcu.externaltools.gnu-tools-for-stm32.14.3.rel1.win32_1.0.100.202602081740/tools/bin/../lib/gcc/arm-none-eabi/14.3.1/thumb/v7-m/nofp/crtbegin.o
LOAD C:/STM32Installed/STM32CubeIDE_2.1.1/STM32CubeIDE/plugins/com.st.stm32cube.ide.mcu.externaltools.gnu-tools-for-stm32.14.3.rel1.win32_1.0.100.202602081740/tools/bin/../lib/gcc/arm-none-eabi/14.3.1/../../../../arm-none-eabi/lib/thumb/v7-m/nofp/crt0.o
LOAD ./Core/Src/7seg.o
LOAD ./Core/Src/GPIO.o
LOAD ./Core/Src/Task.o
LOAD ./Core/Src/button.o
LOAD ./Core/Src/button_event.o
LOAD ./Core/Src/fsm_automatic.o
LOAD ./Core/Src/fsm_config.o
LOAD ./Core/Src/fsm_manual.o
LOAD ./Core/Src/global.o
LOAD ./Core/Src/main.o
LOAD ./Core/Src/scheduler.o
LOAD ./Core/Src/software_timer.o
LOAD ./Core/Src/stm32f1xx_hal_msp.o
LOAD ./Core/Src/stm32f1xx_it.o
LOAD ./Core/Src/syscalls.o
LOAD ./Core/Src/sysmem.o
LOAD ./Core/Src/system_stm32f1xx.o
LOAD ./Core/Src/traffic_light.o
LOAD ./Core/Startup/startup_stm32f103c6tx.o
LOAD ./Drivers/STM32F1xx_HAL_Driver/Src/stm32f1xx_hal.o
LOAD ./Drivers/STM32F1xx_HAL_Driver/Src/stm32f1xx_hal_cortex.o
LOAD ./Drivers/STM32F1xx_HAL_Driver/Src/stm32f1xx_hal_dma.o
LOAD ./Drivers/STM32F1xx_HAL_Driver/Src/stm32f1xx_hal_exti.o
LOAD ./Drivers/STM32F1xx_HAL_Driver/Src/stm32f1xx_hal_flash.o
LOAD ./Drivers/STM32F1xx_HAL_Driver/Src/stm32f1xx_hal_flash_ex.o
LOAD ./Drivers/STM32F1xx_HAL_Driver/Src/stm32f1xx_hal_gpio.o
LOAD ./Drivers/STM32F1xx_HAL_Driver/Src/stm32f1xx_hal_gpio_ex.o
LOAD ./Drivers/STM32F1xx_HAL_Driver/Src/stm32f1xx_hal_pwr.o
LOAD ./Drivers/STM32F1xx_HAL_Driver/Src/stm32f1xx_hal_rcc.o
LOAD ./Drivers/STM32F1xx_HAL_Driver/Src/stm32f1xx_hal_rcc_ex.o
LOAD ./Drivers/STM32F1xx_HAL_Driver/Src/stm32f1xx_hal_tim.o
LOAD ./Drivers/STM32F1xx_HAL_Driver/Src/stm32f1xx_hal_tim_ex.o
START GROUP
LOAD C:/STM32Installed/STM32CubeIDE_2.1.1/STM32CubeIDE/plugins/com.st.stm32cube.ide.mcu.externaltools.gnu-tools-for-stm32.14.3.rel1.win32_1.0.100.202602081740/tools/bin/../lib/gcc/arm-none-eabi/14.3.1/../../../../arm-none-eabi/lib/thumb/v7-m/nofp\libc_nano.a
LOAD C:/STM32Installed/STM32CubeIDE_2.1.1/STM32CubeIDE/plugins/com.st.stm32cube.ide.mcu.externaltools.gnu-tools-for-stm32.14.3.rel1.win32_1.0.100.202602081740/tools/bin/../lib/gcc/arm-none-eabi/14.3.1/../../../../arm-none-eabi/lib/thumb/v7-m/nofp\libm.a
END GROUP
START GROUP
LOAD C:/STM32Installed/STM32CubeIDE_2.1.1/STM32CubeIDE/plugins/com.st.stm32cube.ide.mcu.externaltools.gnu-tools-for-stm32.14.3.rel1.win32_1.0.100.202602081740/tools/bin/../lib/gcc/arm-none-eabi/14.3.1/thumb/v7-m/nofp\libgcc.a
LOAD C:/STM32Installed/STM32CubeIDE_2.1.1/STM32CubeIDE/plugins/com.st.stm32cube.ide.mcu.externaltools.gnu-tools-for-stm32.14.3.rel1.win32_1.0.100.202602081740/tools/bin/../lib/gcc/arm-none-eabi/14.3.1/../../../../arm-none-eabi/lib/thumb/v7-m/nofp\libc_nano.a
END GROUP
START GROUP
LOAD C:/STM32Installed/STM32CubeIDE_2.1.1/STM32CubeIDE/plugins/com.st.stm32cube.ide.mcu.externaltools.gnu-tools-for-stm32.14.3.rel1.win32_1.0.100.202602081740/tools/bin/../lib/gcc/arm-none-eabi/14.3.1/thumb/v7-m/nofp\libgcc.a
LOAD C:/STM32Installed/STM32CubeIDE_2.1.1/STM32CubeIDE/plugins/com.st.stm32cube.ide.mcu.externaltools.gnu-tools-for-stm32.14.3.rel1.win32_1.0.100.202602081740/tools/bin/../lib/gcc/arm-none-eabi/14.3.1/../../../../arm-none-eabi/lib/thumb/v7-m/nofp\libc_nano.a
LOAD C:/STM32Installed/STM32CubeIDE_2.1.1/STM32CubeIDE/plugins/com.st.stm32cube.ide.mcu.externaltools.gnu-tools-for-stm32.14.3.rel1.win32_1.0.100.202602081740/tools/bin/../lib/gcc/arm-none-eabi/14.3.1/../../../../arm-none-eabi/lib/thumb/v7-m/nofp\libnosys.a
END GROUP
START GROUP
LOAD C:/STM32Installed/STM32CubeIDE_2.1.1/STM32CubeIDE/plugins/com.st.stm32cube.ide.mcu.externaltools.gnu-tools-for-stm32.14.3.rel1.win32_1.0.100.202602081740/tools/bin/../lib/gcc/arm-none-eabi/14.3.1/thumb/v7-m/nofp\libgcc.a
LOAD C:/STM32Installed/STM32CubeIDE_2.1.1/STM32CubeIDE/plugins/com.st.stm32cube.ide.mcu.externaltools.gnu-tools-for-stm32.14.3.rel1.win32_1.0.100.202602081740/tools/bin/../lib/gcc/arm-none-eabi/14.3.1/../../../../arm-none-eabi/lib/thumb/v7-m/nofp\libc_nano.a
LOAD C:/STM32Installed/STM32CubeIDE_2.1.1/STM32CubeIDE/plugins/com.st.stm32cube.ide.mcu.externaltools.gnu-tools-for-stm32.14.3.rel1.win32_1.0.100.202602081740/tools/bin/../lib/gcc/arm-none-eabi/14.3.1/../../../../arm-none-eabi/lib/thumb/v7-m/nofp\libnosys.a
END GROUP
LOAD C:/STM32Installed/STM32CubeIDE_2.1.1/STM32CubeIDE/plugins/com.st.stm32cube.ide.mcu.externaltools.gnu-tools-for-stm32.14.3.rel1.win32_1.0.100.202602081740/tools/bin/../lib/gcc/arm-none-eabi/14.3.1/thumb/v7-m/nofp/crtend.o
LOAD C:/STM32Installed/STM32CubeIDE_2.1.1/STM32CubeIDE/plugins/com.st.stm32cube.ide.mcu.externaltools.gnu-tools-for-stm32.14.3.rel1.win32_1.0.100.202602081740/tools/bin/../lib/gcc/arm-none-eabi/14.3.1/thumb/v7-m/nofp/crtn.o
                0x20002800                        _estack = (ORIGIN (RAM) + LENGTH (RAM))
                0x00000200                        _Min_Heap_Size = 0x200
                0x00000400                        _Min_Stack_Size = 0x400

.isr_vector     0x08000000      0x10c
                0x08000000                        . = ALIGN (0x4)
 *(.isr_vector)
 .isr_vector    0x08000000      0x10c ./Core/Startup/startup_stm32f103c6tx.o
                0x08000000                g_pfnVectors
                0x0800010c                        . = ALIGN (0x4)

.text           0x0800010c     0x38c8
                0x0800010c                        . = ALIGN (0x4)
 *(.text)
 .text          0x0800010c       0x40 C:/STM32Installed/STM32CubeIDE_2.1.1/STM32CubeIDE/plugins/com.st.stm32cube.ide.mcu.externaltools.gnu-tools-for-stm32.14.3.rel1.win32_1.0.100.202602081740/tools/bin/../lib/gcc/arm-none-eabi/14.3.1/thumb/v7-m/nofp/crtbegin.o
 *(.text*)
 .text.display7SegLed
                0x0800014c       0x5c ./Core/Src/7seg.o
                0x0800014c                display7SegLed
 .text.updateTimerBuffer
                0x080001a8       0x9c ./Core/Src/7seg.o
                0x080001a8                updateTimerBuffer
 .text.clear7Seg
                0x08000244       0x1a ./Core/Src/7seg.o
                0x08000244                clear7Seg
 *fill*         0x0800025e        0x2 
 .text.ENSet    0x08000260       0x70 ./Core/Src/7seg.o
                0x08000260                ENSet
 .text.displayDigit1
                0x080002d0      0x364 ./Core/Src/7seg.o
                0x080002d0                displayDigit1
 .text.displayDigit2
                0x08000634      0x3ec ./Core/Src/7seg.o
                0x08000634                displayDigit2
 .text.ALL_RED_toggle
                0x08000a20       0x18 ./Core/Src/GPIO.o
                0x08000a20                ALL_RED_toggle
 .text.ALL_YELLOW_toggle
                0x08000a38       0x18 ./Core/Src/GPIO.o
                0x08000a38                ALL_YELLOW_toggle
 .text.ALL_GREEN_toggle
                0x08000a50       0x18 ./Core/Src/GPIO.o
                0x08000a50                ALL_GREEN_toggle
 .text.BlinkLed
                0x08000a68       0x2c ./Core/Src/Task.o
                0x08000a68                BlinkLed
 .text.fsm_run_all
                0x08000a94       0x14 ./Core/Src/Task.o
                0x08000a94                fsm_run_all
 .text.doInit   0x08000aa8       0x24 ./Core/Src/Task.o
                0x08000aa8                doInit
 .text.button_init
                0x08000acc       0xcc ./Core/Src/button.o
                0x08000acc                button_init
 .text.getKeyInput
                0x08000b98      0x210 ./Core/Src/button.o
                0x08000b98                getKeyInput
 .text.isButtonPressed
                0x08000da8       0x44 ./Core/Src/button.o
                0x08000da8                isButtonPressed
 .text.isButtonLongPressed
                0x08000dec       0x44 ./Core/Src/button.o
                0x08000dec                isButtonLongPressed
 .text.isButtonDoubleClicked
                0x08000e30       0x44 ./Core/Src/button.o
                0x08000e30                isButtonDoubleClicked
 .text.button_event_scan
                0x08000e74       0x14 ./Core/Src/button_event.o
                0x08000e74                button_event_scan
 .text.getModeFlag
                0x08000e88       0x20 ./Core/Src/button_event.o
                0x08000e88                getModeFlag
 .text.getConfigFlag
                0x08000ea8       0x3c ./Core/Src/button_event.o
                0x08000ea8                getConfigFlag
 .text.getManualFlag
                0x08000ee4       0x4c ./Core/Src/button_event.o
                0x08000ee4                getManualFlag
 .text.fsm_automatic_run
                0x08000f30      0x2f0 ./Core/Src/fsm_automatic.o
                0x08000f30                fsm_automatic_run
 .text.fsm_config_run
                0x08001220      0x3b4 ./Core/Src/fsm_config.o
                0x08001220                fsm_config_run
 .text.fsm_manual_run
                0x080015d4      0x1e8 ./Core/Src/fsm_manual.o
                0x080015d4                fsm_manual_run
 .text.main     0x080017bc       0x74 ./Core/Src/main.o
                0x080017bc                main
 .text.SystemClock_Config
                0x08001830       0x76 ./Core/Src/main.o
                0x08001830                SystemClock_Config
 *fill*         0x080018a6        0x2 
 .text.MX_TIM2_Init
                0x080018a8       0x98 ./Core/Src/main.o
 .text.MX_GPIO_Init
                0x08001940       0xe4 ./Core/Src/main.o
 .text.HAL_TIM_PeriodElapsedCallback
                0x08001a24       0x14 ./Core/Src/main.o
                0x08001a24                HAL_TIM_PeriodElapsedCallback
 .text.Error_Handler
                0x08001a38        0xc ./Core/Src/main.o
                0x08001a38                Error_Handler
 .text.SCH_Init
                0x08001a44       0x8c ./Core/Src/scheduler.o
                0x08001a44                SCH_Init
 .text.SCH_TimerCallback
                0x08001ad0       0x40 ./Core/Src/scheduler.o
                0x08001ad0                SCH_TimerCallback
 .text.SCH_Add_Task
                0x08001b10      0x200 ./Core/Src/scheduler.o
                0x08001b10                SCH_Add_Task
 .text.SCH_Delete_Task
                0x08001d10      0x140 ./Core/Src/scheduler.o
                0x08001d10                SCH_Delete_Task
 .text.SCH_Dispatch_Tasks
                0x08001e50       0x50 ./Core/Src/scheduler.o
                0x08001e50                SCH_Dispatch_Tasks
 .text.Get_New_Task_ID
                0x08001ea0       0x30 ./Core/Src/scheduler.o
 .text.setTimers
                0x08001ed0       0x58 ./Core/Src/software_timer.o
                0x08001ed0                setTimers
 .text.setTimer
                0x08001f28       0x50 ./Core/Src/software_timer.o
                0x08001f28                setTimer
 .text.timer_run
                0x08001f78       0x60 ./Core/Src/software_timer.o
                0x08001f78                timer_run
 .text.isTimerExpired
                0x08001fd8       0x30 ./Core/Src/software_timer.o
                0x08001fd8                isTimerExpired
 .text.getTimerCounter
                0x08002008       0x30 ./Core/Src/software_timer.o
                0x08002008                getTimerCounter
 .text.HAL_MspInit
                0x08002038       0x64 ./Core/Src/stm32f1xx_hal_msp.o
                0x08002038                HAL_MspInit
 .text.HAL_TIM_Base_MspInit
                0x0800209c       0x48 ./Core/Src/stm32f1xx_hal_msp.o
                0x0800209c                HAL_TIM_Base_MspInit
 .text.NMI_Handler
                0x080020e4        0x8 ./Core/Src/stm32f1xx_it.o
                0x080020e4                NMI_Handler
 .text.HardFault_Handler
                0x080020ec        0x8 ./Core/Src/stm32f1xx_it.o
                0x080020ec                HardFault_Handler
 .text.MemManage_Handler
                0x080020f4        0x8 ./Core/Src/stm32f1xx_it.o
                0x080020f4                MemManage_Handler
 .text.BusFault_Handler
                0x080020fc        0x8 ./Core/Src/stm32f1xx_it.o
                0x080020fc                BusFault_Handler
 .text.UsageFault_Handler
                0x08002104        0x8 ./Core/Src/stm32f1xx_it.o
                0x08002104                UsageFault_Handler
 .text.SVC_Handler
                0x0800210c        0xc ./Core/Src/stm32f1xx_it.o
                0x0800210c                SVC_Handler
 .text.DebugMon_Handler
                0x08002118        0xc ./Core/Src/stm32f1xx_it.o
                0x08002118                DebugMon_Handler
 .text.PendSV_Handler
                0x08002124        0xc ./Core/Src/stm32f1xx_it.o
                0x08002124                PendSV_Handler
 .text.SysTick_Handler
                0x08002130        0xc ./Core/Src/stm32f1xx_it.o
                0x08002130                SysTick_Handler
 .text.TIM2_IRQHandler
                0x0800213c       0x14 ./Core/Src/stm32f1xx_it.o
                0x0800213c                TIM2_IRQHandler
 .text.SystemInit
                0x08002150        0xc ./Core/Src/system_stm32f1xx.o
                0x08002150                SystemInit
 .text.YellowToRed1
                0x0800215c       0x38 ./Core/Src/traffic_light.o
                0x0800215c                YellowToRed1
 .text.RedToGreen1
                0x08002194       0x38 ./Core/Src/traffic_light.o
                0x08002194                RedToGreen1
 .text.GreenToYellow1
                0x080021cc       0x38 ./Core/Src/traffic_light.o
                0x080021cc                GreenToYellow1
 .text.YellowToRed2
                0x08002204       0x38 ./Core/Src/traffic_light.o
                0x08002204                YellowToRed2
 .text.RedToGreen2
                0x0800223c       0x38 ./Core/Src/traffic_light.o
                0x0800223c                RedToGreen2
 .text.GreenToYellow2
                0x08002274       0x38 ./Core/Src/traffic_light.o
                0x08002274                GreenToYellow2
 .text.clearAllLed
                0x080022ac       0x90 ./Core/Src/traffic_light.o
                0x080022ac                clearAllLed
 .text.Reset_Handler
                0x0800233c       0x48 ./Core/Startup/startup_stm32f103c6tx.o
                0x0800233c                Reset_Handler
 .text.Default_Handler
                0x08002384        0x2 ./Core/Startup/startup_stm32f103c6tx.o
                0x08002384                RTC_Alarm_IRQHandler
                0x08002384                EXTI2_IRQHandler
                0x08002384                TIM1_CC_IRQHandler
                0x08002384                PVD_IRQHandler
                0x08002384                EXTI3_IRQHandler
                0x08002384                EXTI0_IRQHandler
                0x08002384                ADC1_2_IRQHandler
                0x08002384                SPI1_IRQHandler
                0x08002384                TAMPER_IRQHandler
                0x08002384                DMA1_Channel4_IRQHandler
                0x08002384                RTC_IRQHandler
                0x08002384                DMA1_Channel7_IRQHandler
                0x08002384                CAN1_RX1_IRQHandler
                0x08002384                I2C1_EV_IRQHandler
                0x08002384                DMA1_Channel6_IRQHandler
                0x08002384                TIM3_IRQHandler
                0x08002384                RCC_IRQHandler
                0x08002384                TIM1_TRG_COM_IRQHandler
                0x08002384                DMA1_Channel1_IRQHandler
                0x08002384                Default_Handler
                0x08002384                EXTI15_10_IRQHandler
                0x08002384                EXTI9_5_IRQHandler
                0x08002384                DMA1_Channel5_IRQHandler
                0x08002384                EXTI4_IRQHandler
                0x08002384                USB_LP_CAN1_RX0_IRQHandler
                0x08002384                USB_HP_CAN1_TX_IRQHandler
                0x08002384                DMA1_Channel3_IRQHandler
                0x08002384                TIM1_UP_IRQHandler
                0x08002384                WWDG_IRQHandler
                0x08002384                TIM1_BRK_IRQHandler
                0x08002384                EXTI1_IRQHandler
                0x08002384                USART2_IRQHandler
                0x08002384                DMA1_Channel2_IRQHandler
                0x08002384                CAN1_SCE_IRQHandler
                0x08002384                FLASH_IRQHandler
                0x08002384                USART1_IRQHandler
                0x08002384                I2C1_ER_IRQHandler
                0x08002384                USBWakeUp_IRQHandler
 *fill*         0x08002386        0x2 
 .text.HAL_Init
                0x08002388       0x2c ./Drivers/STM32F1xx_HAL_Driver/Src/stm32f1xx_hal.o
                0x08002388                HAL_Init
 .text.HAL_InitTick
                0x080023b4       0x60 ./Drivers/STM32F1xx_HAL_Driver/Src/stm32f1xx_hal.o
                0x080023b4                HAL_InitTick
 .text.HAL_IncTick
                0x08002414       0x24 ./Drivers/STM32F1xx_HAL_Driver/Src/stm32f1xx_hal.o
                0x08002414                HAL_IncTick
 .text.HAL_GetTick
                0x08002438       0x14 ./Drivers/STM32F1xx_HAL_Driver/Src/stm32f1xx_hal.o
                0x08002438                HAL_GetTick
 .text.__NVIC_SetPriorityGrouping
                0x0800244c       0x48 ./Drivers/STM32F1xx_HAL_Driver/Src/stm32f1xx_hal_cortex.o
 .text.__NVIC_GetPriorityGrouping
                0x08002494       0x1c ./Drivers/STM32F1xx_HAL_Driver/Src/stm32f1xx_hal_cortex.o
 .text.__NVIC_EnableIRQ
                0x080024b0       0x38 ./Drivers/STM32F1xx_HAL_Driver/Src/stm32f1xx_hal_cortex.o
 .text.__NVIC_SetPriority
                0x080024e8       0x54 ./Drivers/STM32F1xx_HAL_Driver/Src/stm32f1xx_hal_cortex.o
 .text.NVIC_EncodePriority
                0x0800253c       0x64 ./Drivers/STM32F1xx_HAL_Driver/Src/stm32f1xx_hal_cortex.o
 .text.SysTick_Config
                0x080025a0       0x44 ./Drivers/STM32F1xx_HAL_Driver/Src/stm32f1xx_hal_cortex.o
 .text.HAL_NVIC_SetPriorityGrouping
                0x080025e4       0x16 ./Drivers/STM32F1xx_HAL_Driver/Src/stm32f1xx_hal_cortex.o
                0x080025e4                HAL_NVIC_SetPriorityGrouping
 .text.HAL_NVIC_SetPriority
                0x080025fa       0x38 ./Drivers/STM32F1xx_HAL_Driver/Src/stm32f1xx_hal_cortex.o
                0x080025fa                HAL_NVIC_SetPriority
 .text.HAL_NVIC_EnableIRQ
                0x08002632       0x1c ./Drivers/STM32F1xx_HAL_Driver/Src/stm32f1xx_hal_cortex.o
                0x08002632                HAL_NVIC_EnableIRQ
 .text.HAL_SYSTICK_Config
                0x0800264e       0x18 ./Drivers/STM32F1xx_HAL_Driver/Src/stm32f1xx_hal_cortex.o
                0x0800264e                HAL_SYSTICK_Config
 *fill*         0x08002666        0x2 
 .text.HAL_GPIO_Init
                0x08002668      0x2f8 ./Drivers/STM32F1xx_HAL_Driver/Src/stm32f1xx_hal_gpio.o
                0x08002668                HAL_GPIO_Init
 .text.HAL_GPIO_ReadPin
                0x08002960       0x2e ./Drivers/STM32F1xx_HAL_Driver/Src/stm32f1xx_hal_gpio.o
                0x08002960                HAL_GPIO_ReadPin
 .text.HAL_GPIO_WritePin
                0x0800298e       0x30 ./Drivers/STM32F1xx_HAL_Driver/Src/stm32f1xx_hal_gpio.o
                0x0800298e                HAL_GPIO_WritePin
 .text.HAL_GPIO_TogglePin
                0x080029be       0x32 ./Drivers/STM32F1xx_HAL_Driver/Src/stm32f1xx_hal_gpio.o
                0x080029be                HAL_GPIO_TogglePin
 .text.HAL_RCC_OscConfig
                0x080029f0      0x504 ./Drivers/STM32F1xx_HAL_Driver/Src/stm32f1xx_hal_rcc.o
                0x080029f0                HAL_RCC_OscConfig
 .text.HAL_RCC_ClockConfig
                0x08002ef4      0x1d4 ./Drivers/STM32F1xx_HAL_Driver/Src/stm32f1xx_hal_rcc.o
                0x08002ef4                HAL_RCC_ClockConfig
 .text.HAL_RCC_GetSysClockFreq
                0x080030c8       0xa8 ./Drivers/STM32F1xx_HAL_Driver/Src/stm32f1xx_hal_rcc.o
                0x080030c8                HAL_RCC_GetSysClockFreq
 .text.RCC_Delay
                0x08003170       0x3c ./Drivers/STM32F1xx_HAL_Driver/Src/stm32f1xx_hal_rcc.o
 .text.HAL_TIM_Base_Init
                0x080031ac       0x9e ./Drivers/STM32F1xx_HAL_Driver/Src/stm32f1xx_hal_tim.o
                0x080031ac                HAL_TIM_Base_Init
 *fill*         0x0800324a        0x2 
 .text.HAL_TIM_Base_Start_IT
                0x0800324c       0x98 ./Drivers/STM32F1xx_HAL_Driver/Src/stm32f1xx_hal_tim.o
                0x0800324c                HAL_TIM_Base_Start_IT
 .text.HAL_TIM_IRQHandler
                0x080032e4      0x1e0 ./Drivers/STM32F1xx_HAL_Driver/Src/stm32f1xx_hal_tim.o
                0x080032e4                HAL_TIM_IRQHandler
 .text.HAL_TIM_ConfigClockSource
                0x080034c4      0x18e ./Drivers/STM32F1xx_HAL_Driver/Src/stm32f1xx_hal_tim.o
                0x080034c4                HAL_TIM_ConfigClockSource
 .text.HAL_TIM_OC_DelayElapsedCallback
                0x08003652       0x12 ./Drivers/STM32F1xx_HAL_Driver/Src/stm32f1xx_hal_tim.o
                0x08003652                HAL_TIM_OC_DelayElapsedCallback
 .text.HAL_TIM_IC_CaptureCallback
                0x08003664       0x12 ./Drivers/STM32F1xx_HAL_Driver/Src/stm32f1xx_hal_tim.o
                0x08003664                HAL_TIM_IC_CaptureCallback
 .text.HAL_TIM_PWM_PulseFinishedCallback
                0x08003676       0x12 ./Drivers/STM32F1xx_HAL_Driver/Src/stm32f1xx_hal_tim.o
                0x08003676                HAL_TIM_PWM_PulseFinishedCallback
 .text.HAL_TIM_TriggerCallback
                0x08003688       0x12 ./Drivers/STM32F1xx_HAL_Driver/Src/stm32f1xx_hal_tim.o
                0x08003688                HAL_TIM_TriggerCallback
 *fill*         0x0800369a        0x2 
 .text.TIM_Base_SetConfig
                0x0800369c       0xc8 ./Drivers/STM32F1xx_HAL_Driver/Src/stm32f1xx_hal_tim.o
                0x0800369c                TIM_Base_SetConfig
 .text.TIM_TI1_ConfigInputStage
                0x08003764       0x5c ./Drivers/STM32F1xx_HAL_Driver/Src/stm32f1xx_hal_tim.o
 .text.TIM_TI2_ConfigInputStage
                0x080037c0       0x5e ./Drivers/STM32F1xx_HAL_Driver/Src/stm32f1xx_hal_tim.o
 .text.TIM_ITRx_SetConfig
                0x0800381e       0x34 ./Drivers/STM32F1xx_HAL_Driver/Src/stm32f1xx_hal_tim.o
 .text.TIM_ETR_SetConfig
                0x08003852       0x3e ./Drivers/STM32F1xx_HAL_Driver/Src/stm32f1xx_hal_tim.o
                0x08003852                TIM_ETR_SetConfig
 .text.HAL_TIMEx_MasterConfigSynchronization
                0x08003890       0xb0 ./Drivers/STM32F1xx_HAL_Driver/Src/stm32f1xx_hal_tim_ex.o
                0x08003890                HAL_TIMEx_MasterConfigSynchronization
 .text.HAL_TIMEx_CommutCallback
                0x08003940       0x12 ./Drivers/STM32F1xx_HAL_Driver/Src/stm32f1xx_hal_tim_ex.o
                0x08003940                HAL_TIMEx_CommutCallback
 .text.HAL_TIMEx_BreakCallback
                0x08003952       0x12 ./Drivers/STM32F1xx_HAL_Driver/Src/stm32f1xx_hal_tim_ex.o
                0x08003952                HAL_TIMEx_BreakCallback
 .text.memset   0x08003964       0x10 C:/STM32Installed/STM32CubeIDE_2.1.1/STM32CubeIDE/plugins/com.st.stm32cube.ide.mcu.externaltools.gnu-tools-for-stm32.14.3.rel1.win32_1.0.100.202602081740/tools/bin/../lib/gcc/arm-none-eabi/14.3.1/../../../../arm-none-eabi/lib/thumb/v7-m/nofp\libc_nano.a(libc_a-memset.o)
                0x08003964                memset
 .text.__libc_init_array
                0x08003974       0x48 C:/STM32Installed/STM32CubeIDE_2.1.1/STM32CubeIDE/plugins/com.st.stm32cube.ide.mcu.externaltools.gnu-tools-for-stm32.14.3.rel1.win32_1.0.100.202602081740/tools/bin/../lib/gcc/arm-none-eabi/14.3.1/../../../../arm-none-eabi/lib/thumb/v7-m/nofp\libc_nano.a(libc_a-init.o)
                0x08003974                __libc_init_array
 *(.glue_7)
 .glue_7        0x080039bc        0x0 linker stubs
 *(.glue_7t)
 .glue_7t       0x080039bc        0x0 linker stubs
 *(.eh_frame)
 .eh_frame      0x080039bc        0x0 C:/STM32Installed/STM32CubeIDE_2.1.1/STM32CubeIDE/plugins/com.st.stm32cube.ide.mcu.externaltools.gnu-tools-for-stm32.14.3.rel1.win32_1.0.100.202602081740/tools/bin/../lib/gcc/arm-none-eabi/14.3.1/thumb/v7-m/nofp/crtbegin.o
 *(.init)
 .init          0x080039bc        0x4 C:/STM32Installed/STM32CubeIDE_2.1.1/STM32CubeIDE/plugins/com.st.stm32cube.ide.mcu.externaltools.gnu-tools-for-stm32.14.3.rel1.win32_1.0.100.202602081740/tools/bin/../lib/gcc/arm-none-eabi/14.3.1/thumb/v7-m/nofp/crti.o
                0x080039bc                _init
 .init          0x080039c0        0x8 C:/STM32Installed/STM32CubeIDE_2.1.1/STM32CubeIDE/plugins/com.st.stm32cube.ide.mcu.externaltools.gnu-tools-for-stm32.14.3.rel1.win32_1.0.100.202602081740/tools/bin/../lib/gcc/arm-none-eabi/14.3.1/thumb/v7-m/nofp/crtn.o
 *(.fini)
 .fini          0x080039c8        0x4 C:/STM32Installed/STM32CubeIDE_2.1.1/STM32CubeIDE/plugins/com.st.stm32cube.ide.mcu.externaltools.gnu-tools-for-stm32.14.3.rel1.win32_1.0.100.202602081740/tools/bin/../lib/gcc/arm-none-eabi/14.3.1/thumb/v7-m/nofp/crti.o
                0x080039c8                _fini
 .fini          0x080039cc        0x8 C:/STM32Installed/STM32CubeIDE_2.1.1/STM32CubeIDE/plugins/com.st.stm32cube.ide.mcu.externaltools.gnu-tools-for-stm32.14.3.rel1.win32_1.0.100.202602081740/tools/bin/../lib/gcc/arm-none-eabi/14.3.1/thumb/v7-m/nofp/crtn.o
                0x080039d4                        . = ALIGN (0x4)
                0x080039d4                        _etext = .

.vfp11_veneer   0x080039d4        0x0
 .vfp11_veneer  0x080039d4        0x0 linker stubs

.v4_bx          0x080039d4        0x0
 .v4_bx         0x080039d4        0x0 linker stubs

.iplt           0x080039d4        0x0
 .iplt          0x080039d4        0x0 C:/STM32Installed/STM32CubeIDE_2.1.1/STM32CubeIDE/plugins/com.st.stm32cube.ide.mcu.externaltools.gnu-tools-for-stm32.14.3.rel1.win32_1.0.100.202602081740/tools/bin/../lib/gcc/arm-none-eabi/14.3.1/thumb/v7-m/nofp/crtbegin.o

.rodata         0x080039d4       0x24
                0x080039d4                        . = ALIGN (0x4)
 *(.rodata)
 *(.rodata*)
 .rodata.AHBPrescTable
                0x080039d4       0x10 ./Core/Src/system_stm32f1xx.o
                0x080039d4                AHBPrescTable
 .rodata.aPLLMULFactorTable.1
                0x080039e4       0x10 ./Drivers/STM32F1xx_HAL_Driver/Src/stm32f1xx_hal_rcc.o
 .rodata.aPredivFactorTable.0
                0x080039f4        0x2 ./Drivers/STM32F1xx_HAL_Driver/Src/stm32f1xx_hal_rcc.o
                0x080039f8                        . = ALIGN (0x4)
 *fill*         0x080039f6        0x2 

.rel.dyn        0x080039f8        0x0
 .rel.iplt      0x080039f8        0x0 C:/STM32Installed/STM32CubeIDE_2.1.1/STM32CubeIDE/plugins/com.st.stm32cube.ide.mcu.externaltools.gnu-tools-for-stm32.14.3.rel1.win32_1.0.100.202602081740/tools/bin/../lib/gcc/arm-none-eabi/14.3.1/thumb/v7-m/nofp/crtbegin.o

.ARM.extab      0x080039f8        0x0
                0x080039f8                        . = ALIGN (0x4)
 *(.ARM.extab* .gnu.linkonce.armextab.*)
                0x080039f8                        . = ALIGN (0x4)

.ARM            0x080039f8        0x0
                0x080039f8                        . = ALIGN (0x4)
                0x080039f8                        __exidx_start = .
 *(.ARM.exidx*)
                0x080039f8                        __exidx_end = .
                0x080039f8                        . = ALIGN (0x4)

.preinit_array  0x080039f8        0x0
                0x080039f8                        . = ALIGN (0x4)
                0x080039f8                        PROVIDE (__preinit_array_start = .)
 *(.preinit_array*)
                0x080039f8                        PROVIDE (__preinit_array_end = .)
                0x080039f8                        . = ALIGN (0x4)

.init_array     0x080039f8        0x4
                0x080039f8                        . = ALIGN (0x4)
                0x080039f8                        PROVIDE (__init_array_start = .)
 *(SORT_BY_NAME(.init_array.*))
 *(.init_array*)
 .init_array    0x080039f8        0x4 C:/STM32Installed/STM32CubeIDE_2.1.1/STM32CubeIDE/plugins/com.st.stm32cube.ide.mcu.externaltools.gnu-tools-for-stm32.14.3.rel1.win32_1.0.100.202602081740/tools/bin/../lib/gcc/arm-none-eabi/14.3.1/thumb/v7-m/nofp/crtbegin.o
                0x080039fc                        PROVIDE (__init_array_end = .)
                0x080039fc                        . = ALIGN (0x4)

.fini_array     0x080039fc        0x4
                0x080039fc                        . = ALIGN (0x4)
                [!provide]                        PROVIDE (__fini_array_start = .)
 *(SORT_BY_NAME(.fini_array.*))
 *(.fini_array*)
 .fini_array    0x080039fc        0x4 C:/STM32Installed/STM32CubeIDE_2.1.1/STM32CubeIDE/plugins/com.st.stm32cube.ide.mcu.externaltools.gnu-tools-for-stm32.14.3.rel1.win32_1.0.100.202602081740/tools/bin/../lib/gcc/arm-none-eabi/14.3.1/thumb/v7-m/nofp/crtbegin.o
                [!provide]                        PROVIDE (__fini_array_end = .)
                0x08003a00                        . = ALIGN (0x4)
                0x08003a00                        _sidata = LOADADDR (.data)

.data           0x20000000       0x2c load address 0x08003a00
                0x20000000                        . = ALIGN (0x4)
                0x20000000                        _sdata = .
 *(.data)
 *(.data*)
 .data.buttonPorts
                0x20000000        0xc ./Core/Src/button.o
 .data.buttonPins
                0x2000000c        0x6 ./Core/Src/button.o
 *fill*         0x20000012        0x2 
 .data.RedTime  0x20000014        0x4 ./Core/Src/global.o
                0x20000014                RedTime
 .data.AmberTime
                0x20000018        0x4 ./Core/Src/global.o
                0x20000018                AmberTime
 .data.GreenTime
                0x2000001c        0x4 ./Core/Src/global.o
                0x2000001c                GreenTime
 .data.SystemCoreClock
                0x20000020        0x4 ./Core/Src/system_stm32f1xx.o
                0x20000020                SystemCoreClock
 .data.uwTickPrio
                0x20000024        0x4 ./Drivers/STM32F1xx_HAL_Driver/Src/stm32f1xx_hal.o
                0x20000024                uwTickPrio
 .data.uwTickFreq
                0x20000028        0x1 ./Drivers/STM32F1xx_HAL_Driver/Src/stm32f1xx_hal.o
                0x20000028                uwTickFreq
 *(.RamFunc)
 *(.RamFunc*)
                0x2000002c                        . = ALIGN (0x4)
 *fill*         0x20000029        0x3 
                0x2000002c                        _edata = .

.igot.plt       0x2000002c        0x0 load address 0x08003a2c
 .igot.plt      0x2000002c        0x0 C:/STM32Installed/STM32CubeIDE_2.1.1/STM32CubeIDE/plugins/com.st.stm32cube.ide.mcu.externaltools.gnu-tools-for-stm32.14.3.rel1.win32_1.0.100.202602081740/tools/bin/../lib/gcc/arm-none-eabi/14.3.1/thumb/v7-m/nofp/crtbegin.o
                0x2000002c                        . = ALIGN (0x4)

.bss            0x2000002c      0x218 load address 0x08003a2c
                0x2000002c                        _sbss = .
                0x2000002c                        __bss_start__ = _sbss
 *(.bss)
 .bss           0x2000002c       0x1c C:/STM32Installed/STM32CubeIDE_2.1.1/STM32CubeIDE/plugins/com.st.stm32cube.ide.mcu.externaltools.gnu-tools-for-stm32.14.3.rel1.win32_1.0.100.202602081740/tools/bin/../lib/gcc/arm-none-eabi/14.3.1/thumb/v7-m/nofp/crtbegin.o
 *(.bss*)
 .bss.currentEN
                0x20000048        0x4 ./Core/Src/7seg.o
                0x20000048                currentEN
 .bss.timer_buffer
                0x2000004c       0x10 ./Core/Src/7seg.o
                0x2000004c                timer_buffer
 .bss.KeyReg0   0x2000005c        0xc ./Core/Src/button.o
 .bss.KeyReg1   0x20000068        0xc ./Core/Src/button.o
 .bss.KeyReg2   0x20000074        0xc ./Core/Src/button.o
 .bss.KeyReg3   0x20000080        0xc ./Core/Src/button.o
 .bss.TimerForKeyPress
                0x2000008c        0xc ./Core/Src/button.o
 .bss.button_flag
                0x20000098        0xc ./Core/Src/button.o
 .bss.button_longPress_flag
                0x200000a4        0xc ./Core/Src/button.o
 .bss.button_release_flag
                0x200000b0        0xc ./Core/Src/button.o
 .bss.button_doubleClick_flag
                0x200000bc        0xc ./Core/Src/button.o
 .bss.button_click_count
                0x200000c8        0xc ./Core/Src/button.o
 .bss.doubleClickTimer
                0x200000d4        0xc ./Core/Src/button.o
 .bss.red_temp  0x200000e0        0x4 ./Core/Src/fsm_config.o
                0x200000e0                red_temp
 .bss.amber_temp
                0x200000e4        0x4 ./Core/Src/fsm_config.o
                0x200000e4                amber_temp
 .bss.green_temp
                0x200000e8        0x4 ./Core/Src/fsm_config.o
                0x200000e8                green_temp
 .bss.status    0x200000ec        0x4 ./Core/Src/global.o
                0x200000ec                status
 .bss.flagchangeMode
                0x200000f0        0x4 ./Core/Src/global.o
                0x200000f0                flagchangeMode
 .bss.flagcontrolManual
                0x200000f4        0x4 ./Core/Src/global.o
                0x200000f4                flagcontrolManual
 .bss.flagcontrolConfig
                0x200000f8        0x4 ./Core/Src/global.o
                0x200000f8                flagcontrolConfig
 .bss.htim2     0x200000fc       0x48 ./Core/Src/main.o
                0x200000fc                htim2
 .bss.SCH_tasks_G
                0x20000144       0xc8 ./Core/Src/scheduler.o
 .bss.newTaskID
                0x2000020c        0x4 ./Core/Src/scheduler.o
 .bss.timer_counter
                0x20000210       0x18 ./Core/Src/software_timer.o
                0x20000210                timer_counter
 .bss.timer_flag
                0x20000228       0x18 ./Core/Src/software_timer.o
                0x20000228                timer_flag
 .bss.uwTick    0x20000240        0x4 ./Drivers/STM32F1xx_HAL_Driver/Src/stm32f1xx_hal.o
                0x20000240                uwTick
 *(COMMON)
                0x20000244                        . = ALIGN (0x4)
                0x20000244                        _ebss = .
                0x20000244                        __bss_end__ = _ebss

._user_heap_stack
                0x20000244      0x604 load address 0x08003a2c
                0x20000248                        . = ALIGN (0x8)
 *fill*         0x20000244        0x4 
                [!provide]                        PROVIDE (end = .)
                0x20000248                        PROVIDE (_end = .)
                0x20000448                        . = (. + _Min_Heap_Size)
 *fill*         0x20000248      0x200 
                0x20000848                        . = (. + _Min_Stack_Size)
 *fill*         0x20000448      0x400 
                0x20000848                        . = ALIGN (0x8)

/DISCARD/
 libc.a(*)
 libm.a(*)
 libgcc.a(*)

.ARM.attributes
                0x00000000       0x29
 *(.ARM.attributes)
 .ARM.attributes
                0x00000000       0x1d C:/STM32Installed/STM32CubeIDE_2.1.1/STM32CubeIDE/plugins/com.st.stm32cube.ide.mcu.externaltools.gnu-tools-for-stm32.14.3.rel1.win32_1.0.100.202602081740/tools/bin/../lib/gcc/arm-none-eabi/14.3.1/thumb/v7-m/nofp/crti.o
 .ARM.attributes
                0x0000001d       0x2d C:/STM32Installed/STM32CubeIDE_2.1.1/STM32CubeIDE/plugins/com.st.stm32cube.ide.mcu.externaltools.gnu-tools-for-stm32.14.3.rel1.win32_1.0.100.202602081740/tools/bin/../lib/gcc/arm-none-eabi/14.3.1/thumb/v7-m/nofp/crtbegin.o
 .ARM.attributes
                0x0000004a       0x2d ./Core/Src/7seg.o
 .ARM.attributes
                0x00000077       0x2d ./Core/Src/GPIO.o
 .ARM.attributes
                0x000000a4       0x2d ./Core/Src/Task.o
 .ARM.attributes
                0x000000d1       0x2d ./Core/Src/button.o
 .ARM.attributes
                0x000000fe       0x2d ./Core/Src/button_event.o
 .ARM.attributes
                0x0000012b       0x2d ./Core/Src/fsm_automatic.o
 .ARM.attributes
                0x00000158       0x2d ./Core/Src/fsm_config.o
 .ARM.attributes
                0x00000185       0x2d ./Core/Src/fsm_manual.o
 .ARM.attributes
                0x000001b2       0x2d ./Core/Src/global.o
 .ARM.attributes
                0x000001df       0x2d ./Core/Src/main.o
 .ARM.attributes
                0x0000020c       0x2d ./Core/Src/scheduler.o
 .ARM.attributes
                0x00000239       0x2d ./Core/Src/software_timer.o
 .ARM.attributes
                0x00000266       0x2d ./Core/Src/stm32f1xx_hal_msp.o
 .ARM.attributes
                0x00000293       0x2d ./Core/Src/stm32f1xx_it.o
 .ARM.attributes
                0x000002c0       0x2d ./Core/Src/system_stm32f1xx.o
 .ARM.attributes
                0x000002ed       0x2d ./Core/Src/traffic_light.o
 .ARM.attributes
                0x0000031a       0x21 ./Core/Startup/startup_stm32f103c6tx.o
 .ARM.attributes
                0x0000033b       0x2d ./Drivers/STM32F1xx_HAL_Driver/Src/stm32f1xx_hal.o
 .ARM.attributes
                0x00000368       0x2d ./Drivers/STM32F1xx_HAL_Driver/Src/stm32f1xx_hal_cortex.o
 .ARM.attributes
                0x00000395       0x2d ./Drivers/STM32F1xx_HAL_Driver/Src/stm32f1xx_hal_gpio.o
 .ARM.attributes
                0x000003c2       0x2d ./Drivers/STM32F1xx_HAL_Driver/Src/stm32f1xx_hal_rcc.o
 .ARM.attributes
                0x000003ef       0x2d ./Drivers/STM32F1xx_HAL_Driver/Src/stm32f1xx_hal_tim.o
 .ARM.attributes
                0x0000041c       0x2d ./Drivers/STM32F1xx_HAL_Driver/Src/stm32f1xx_hal_tim_ex.o
 .ARM.attributes
                0x00000449       0x2d C:/STM32Installed/STM32CubeIDE_2.1.1/STM32CubeIDE/plugins/com.st.stm32cube.ide.mcu.externaltools.gnu-tools-for-stm32.14.3.rel1.win32_1.0.100.202602081740/tools/bin/../lib/gcc/arm-none-eabi/14.3.1/../../../../arm-none-eabi/lib/thumb/v7-m/nofp\libc_nano.a(libc_a-memset.o)
 .ARM.attributes
                0x00000476       0x2d C:/STM32Installed/STM32CubeIDE_2.1.1/STM32CubeIDE/plugins/com.st.stm32cube.ide.mcu.externaltools.gnu-tools-for-stm32.14.3.rel1.win32_1.0.100.202602081740/tools/bin/../lib/gcc/arm-none-eabi/14.3.1/../../../../arm-none-eabi/lib/thumb/v7-m/nofp\libc_nano.a(libc_a-init.o)
 .ARM.attributes
                0x000004a3       0x1d C:/STM32Installed/STM32CubeIDE_2.1.1/STM32CubeIDE/plugins/com.st.stm32cube.ide.mcu.externaltools.gnu-tools-for-stm32.14.3.rel1.win32_1.0.100.202602081740/tools/bin/../lib/gcc/arm-none-eabi/14.3.1/thumb/v7-m/nofp/crtn.o
OUTPUT(STM32Lab4.elf elf32-littlearm)
LOAD linker stubs
LOAD C:/STM32Installed/STM32CubeIDE_2.1.1/STM32CubeIDE/plugins/com.st.stm32cube.ide.mcu.externaltools.gnu-tools-for-stm32.14.3.rel1.win32_1.0.100.202602081740/tools/bin/../lib/gcc/arm-none-eabi/14.3.1/../../../../arm-none-eabi/lib/thumb/v7-m/nofp\libc.a
LOAD C:/STM32Installed/STM32CubeIDE_2.1.1/STM32CubeIDE/plugins/com.st.stm32cube.ide.mcu.externaltools.gnu-tools-for-stm32.14.3.rel1.win32_1.0.100.202602081740/tools/bin/../lib/gcc/arm-none-eabi/14.3.1/../../../../arm-none-eabi/lib/thumb/v7-m/nofp\libm.a
LOAD C:/STM32Installed/STM32CubeIDE_2.1.1/STM32CubeIDE/plugins/com.st.stm32cube.ide.mcu.externaltools.gnu-tools-for-stm32.14.3.rel1.win32_1.0.100.202602081740/tools/bin/../lib/gcc/arm-none-eabi/14.3.1/thumb/v7-m/nofp\libgcc.a

.debug_info     0x00000000     0x905a
 .debug_info    0x00000000      0x266 ./Core/Src/7seg.o
 .debug_info    0x00000266      0x196 ./Core/Src/GPIO.o
 .debug_info    0x000003fc      0x1f7 ./Core/Src/Task.o
 .debug_info    0x000005f3      0x35b ./Core/Src/button.o
 .debug_info    0x0000094e      0x108 ./Core/Src/button_event.o
 .debug_info    0x00000a56      0x183 ./Core/Src/fsm_automatic.o
 .debug_info    0x00000bd9      0x1a0 ./Core/Src/fsm_config.o
 .debug_info    0x00000d79      0x13d ./Core/Src/fsm_manual.o
 .debug_info    0x00000eb6      0x10a ./Core/Src/global.o
 .debug_info    0x00000fc0      0xbf7 ./Core/Src/main.o
 .debug_info    0x00001bb7      0x287 ./Core/Src/scheduler.o
 .debug_info    0x00001e3e      0x17a ./Core/Src/software_timer.o
 .debug_info    0x00001fb8      0x91a ./Core/Src/stm32f1xx_hal_msp.o
 .debug_info    0x000028d2      0x6a1 ./Core/Src/stm32f1xx_it.o
 .debug_info    0x00002f73      0x222 ./Core/Src/system_stm32f1xx.o
 .debug_info    0x00003195      0x1d2 ./Core/Src/traffic_light.o
 .debug_info    0x00003367       0x30 ./Core/Startup/startup_stm32f103c6tx.o
 .debug_info    0x00003397      0x6e6 ./Drivers/STM32F1xx_HAL_Driver/Src/stm32f1xx_hal.o
 .debug_info    0x00003a7d      0xa69 ./Drivers/STM32F1xx_HAL_Driver/Src/stm32f1xx_hal_cortex.o
 .debug_info    0x000044e6      0x5ab ./Drivers/STM32F1xx_HAL_Driver/Src/stm32f1xx_hal_gpio.o
 .debug_info    0x00004a91      0x7d5 ./Drivers/STM32F1xx_HAL_Driver/Src/stm32f1xx_hal_rcc.o
 .debug_info    0x00005266     0x2959 ./Drivers/STM32F1xx_HAL_Driver/Src/stm32f1xx_hal_tim.o
 .debug_info    0x00007bbf     0x149b ./Drivers/STM32F1xx_HAL_Driver/Src/stm32f1xx_hal_tim_ex.o

.debug_abbrev   0x00000000     0x208f
 .debug_abbrev  0x00000000      0x177 ./Core/Src/7seg.o
 .debug_abbrev  0x00000177       0xc4 ./Core/Src/GPIO.o
 .debug_abbrev  0x0000023b      0x11b ./Core/Src/Task.o
 .debug_abbrev  0x00000356      0x16f ./Core/Src/button.o
 .debug_abbrev  0x000004c5       0x7a ./Core/Src/button_event.o
 .debug_abbrev  0x0000053f       0xa8 ./Core/Src/fsm_automatic.o
 .debug_abbrev  0x000005e7       0xbc ./Core/Src/fsm_config.o
 .debug_abbrev  0x000006a3       0xa4 ./Core/Src/fsm_manual.o
 .debug_abbrev  0x00000747       0x4e ./Core/Src/global.o
 .debug_abbrev  0x00000795      0x2b9 ./Core/Src/main.o
 .debug_abbrev  0x00000a4e      0x16a ./Core/Src/scheduler.o
 .debug_abbrev  0x00000bb8       0xe7 ./Core/Src/software_timer.o
 .debug_abbrev  0x00000c9f      0x1ad ./Core/Src/stm32f1xx_hal_msp.o
 .debug_abbrev  0x00000e4c      0x191 ./Core/Src/stm32f1xx_it.o
 .debug_abbrev  0x00000fdd      0x13f ./Core/Src/system_stm32f1xx.o
 .debug_abbrev  0x0000111c       0xe0 ./Core/Src/traffic_light.o
 .debug_abbrev  0x000011fc       0x24 ./Core/Startup/startup_stm32f103c6tx.o
 .debug_abbrev  0x00001220      0x201 ./Drivers/STM32F1xx_HAL_Driver/Src/stm32f1xx_hal.o
 .debug_abbrev  0x00001421      0x2f8 ./Drivers/STM32F1xx_HAL_Driver/Src/stm32f1xx_hal_cortex.o
 .debug_abbrev  0x00001719      0x1ca ./Drivers/STM32F1xx_HAL_Driver/Src/stm32f1xx_hal_gpio.o
 .debug_abbrev  0x000018e3      0x2b3 ./Drivers/STM32F1xx_HAL_Driver/Src/stm32f1xx_hal_rcc.o
 .debug_abbrev  0x00001b96      0x277 ./Drivers/STM32F1xx_HAL_Driver/Src/stm32f1xx_hal_tim.o
 .debug_abbrev  0x00001e0d      0x282 ./Drivers/STM32F1xx_HAL_Driver/Src/stm32f1xx_hal_tim_ex.o

.debug_aranges  0x00000000      0xbc8
 .debug_aranges
                0x00000000       0x48 ./Core/Src/7seg.o
 .debug_aranges
                0x00000048       0x48 ./Core/Src/GPIO.o
 .debug_aranges
                0x00000090       0x30 ./Core/Src/Task.o
 .debug_aranges
                0x000000c0       0x48 ./Core/Src/button.o
 .debug_aranges
                0x00000108       0x38 ./Core/Src/button_event.o
 .debug_aranges
                0x00000140       0x20 ./Core/Src/fsm_automatic.o
 .debug_aranges
                0x00000160       0x20 ./Core/Src/fsm_config.o
 .debug_aranges
                0x00000180       0x20 ./Core/Src/fsm_manual.o
 .debug_aranges
                0x000001a0       0x18 ./Core/Src/global.o
 .debug_aranges
                0x000001b8       0x48 ./Core/Src/main.o
 .debug_aranges
                0x00000200       0x48 ./Core/Src/scheduler.o
 .debug_aranges
                0x00000248       0x48 ./Core/Src/software_timer.o
 .debug_aranges
                0x00000290       0x30 ./Core/Src/stm32f1xx_hal_msp.o
 .debug_aranges
                0x000002c0       0x68 ./Core/Src/stm32f1xx_it.o
 .debug_aranges
                0x00000328       0x28 ./Core/Src/system_stm32f1xx.o
 .debug_aranges
                0x00000350       0x50 ./Core/Src/traffic_light.o
 .debug_aranges
                0x000003a0       0x28 ./Core/Startup/startup_stm32f103c6tx.o
 .debug_aranges
                0x000003c8       0xe0 ./Drivers/STM32F1xx_HAL_Driver/Src/stm32f1xx_hal.o
 .debug_aranges
                0x000004a8      0x100 ./Drivers/STM32F1xx_HAL_Driver/Src/stm32f1xx_hal_cortex.o
 .debug_aranges
                0x000005a8       0x58 ./Drivers/STM32F1xx_HAL_Driver/Src/stm32f1xx_hal_gpio.o
 .debug_aranges
                0x00000600       0x90 ./Drivers/STM32F1xx_HAL_Driver/Src/stm32f1xx_hal_rcc.o
 .debug_aranges
                0x00000690      0x3d0 ./Drivers/STM32F1xx_HAL_Driver/Src/stm32f1xx_hal_tim.o
 .debug_aranges
                0x00000a60      0x168 ./Drivers/STM32F1xx_HAL_Driver/Src/stm32f1xx_hal_tim_ex.o

.debug_rnglists
                0x00000000      0x8cb
 .debug_rnglists
                0x00000000       0x34 ./Core/Src/7seg.o
 .debug_rnglists
                0x00000034       0x31 ./Core/Src/GPIO.o
 .debug_rnglists
                0x00000065       0x1f ./Core/Src/Task.o
 .debug_rnglists
                0x00000084       0x33 ./Core/Src/button.o
 .debug_rnglists
                0x000000b7       0x25 ./Core/Src/button_event.o
 .debug_rnglists
                0x000000dc       0x14 ./Core/Src/fsm_automatic.o
 .debug_rnglists
                0x000000f0       0x14 ./Core/Src/fsm_config.o
 .debug_rnglists
                0x00000104       0x14 ./Core/Src/fsm_manual.o
 .debug_rnglists
                0x00000118       0x33 ./Core/Src/main.o
 .debug_rnglists
                0x0000014b       0x34 ./Core/Src/scheduler.o
 .debug_rnglists
                0x0000017f       0x31 ./Core/Src/software_timer.o
 .debug_rnglists
                0x000001b0       0x1f ./Core/Src/stm32f1xx_hal_msp.o
 .debug_rnglists
                0x000001cf       0x49 ./Core/Src/stm32f1xx_it.o
 .debug_rnglists
                0x00000218       0x1a ./Core/Src/system_stm32f1xx.o
 .debug_rnglists
                0x00000232       0x38 ./Core/Src/traffic_light.o
 .debug_rnglists
                0x0000026a       0x19 ./Core/Startup/startup_stm32f103c6tx.o
 .debug_rnglists
                0x00000283       0xa3 ./Drivers/STM32F1xx_HAL_Driver/Src/stm32f1xx_hal.o
 .debug_rnglists
                0x00000326       0xbb ./Drivers/STM32F1xx_HAL_Driver/Src/stm32f1xx_hal_cortex.o
 .debug_rnglists
                0x000003e1       0x3f ./Drivers/STM32F1xx_HAL_Driver/Src/stm32f1xx_hal_gpio.o
 .debug_rnglists
                0x00000420       0x6c ./Drivers/STM32F1xx_HAL_Driver/Src/stm32f1xx_hal_rcc.o
 .debug_rnglists
                0x0000048c      0x31a ./Drivers/STM32F1xx_HAL_Driver/Src/stm32f1xx_hal_tim.o
 .debug_rnglists
                0x000007a6      0x125 ./Drivers/STM32F1xx_HAL_Driver/Src/stm32f1xx_hal_tim_ex.o

.debug_macro    0x00000000    0x17889
 .debug_macro   0x00000000      0x1d4 ./Core/Src/7seg.o
 .debug_macro   0x000001d4      0xacc ./Core/Src/7seg.o
 .debug_macro   0x00000ca0       0x10 ./Core/Src/7seg.o
 .debug_macro   0x00000cb0      0x215 ./Core/Src/7seg.o
 .debug_macro   0x00000ec5       0x2e ./Core/Src/7seg.o
 .debug_macro   0x00000ef3       0x22 ./Core/Src/7seg.o
 .debug_macro   0x00000f15       0x22 ./Core/Src/7seg.o
 .debug_macro   0x00000f37       0x8e ./Core/Src/7seg.o
 .debug_macro   0x00000fc5       0x51 ./Core/Src/7seg.o
 .debug_macro   0x00001016      0x103 ./Core/Src/7seg.o
 .debug_macro   0x00001119       0x6a ./Core/Src/7seg.o
 .debug_macro   0x00001183      0x1df ./Core/Src/7seg.o
 .debug_macro   0x00001362       0x1c ./Core/Src/7seg.o
 .debug_macro   0x0000137e       0x22 ./Core/Src/7seg.o
 .debug_macro   0x000013a0       0xbd ./Core/Src/7seg.o
 .debug_macro   0x0000145d      0xd23 ./Core/Src/7seg.o
 .debug_macro   0x00002180     0xde75 ./Core/Src/7seg.o
 .debug_macro   0x0000fff5       0x6d ./Core/Src/7seg.o
 .debug_macro   0x00010062     0x34a2 ./Core/Src/7seg.o
 .debug_macro   0x00013504      0x190 ./Core/Src/7seg.o
 .debug_macro   0x00013694       0x5c ./Core/Src/7seg.o
 .debug_macro   0x000136f0      0x5bc ./Core/Src/7seg.o
 .debug_macro   0x00013cac      0x1b7 ./Core/Src/7seg.o
 .debug_macro   0x00013e63      0x1cb ./Core/Src/7seg.o
 .debug_macro   0x0001402e      0x114 ./Core/Src/7seg.o
 .debug_macro   0x00014142      0x1b2 ./Core/Src/7seg.o
 .debug_macro   0x000142f4       0x27 ./Core/Src/7seg.o
 .debug_macro   0x0001431b      0x12f ./Core/Src/7seg.o
 .debug_macro   0x0001444a      0x1bc ./Core/Src/7seg.o
 .debug_macro   0x00014606       0x34 ./Core/Src/7seg.o
 .debug_macro   0x0001463a       0x3c ./Core/Src/7seg.o
 .debug_macro   0x00014676       0x57 ./Core/Src/7seg.o
 .debug_macro   0x000146cd       0x87 ./Core/Src/7seg.o
 .debug_macro   0x00014754      0x183 ./Core/Src/7seg.o
 .debug_macro   0x000148d7      0x140 ./Core/Src/7seg.o
 .debug_macro   0x00014a17      0x8ed ./Core/Src/7seg.o
 .debug_macro   0x00015304       0x69 ./Core/Src/7seg.o
 .debug_macro   0x0001536d      0x184 ./Core/Src/7seg.o
 .debug_macro   0x000154f1       0xa6 ./Core/Src/7seg.o
 .debug_macro   0x00015597       0x16 ./Core/Src/7seg.o
 .debug_macro   0x000155ad       0x28 ./Core/Src/7seg.o
 .debug_macro   0x000155d5      0x1b4 ./Core/Src/GPIO.o
 .debug_macro   0x00015789      0x21a ./Core/Src/Task.o
 .debug_macro   0x000159a3       0x22 ./Core/Src/Task.o
 .debug_macro   0x000159c5      0x1b5 ./Core/Src/button.o
 .debug_macro   0x00015b7a      0x1d1 ./Core/Src/button_event.o
 .debug_macro   0x00015d4b      0x1e4 ./Core/Src/fsm_automatic.o
 .debug_macro   0x00015f2f      0x1e8 ./Core/Src/fsm_config.o
 .debug_macro   0x00016117      0x1ee ./Core/Src/fsm_manual.o
 .debug_macro   0x00016305      0x1c7 ./Core/Src/global.o
 .debug_macro   0x000164cc      0x227 ./Core/Src/main.o
 .debug_macro   0x000166f3       0x16 ./Core/Src/main.o
 .debug_macro   0x00016709       0x72 ./Core/Src/scheduler.o
 .debug_macro   0x0001677b       0x10 ./Core/Src/scheduler.o
 .debug_macro   0x0001678b       0x1a ./Core/Src/software_timer.o
 .debug_macro   0x000167a5      0x1a6 ./Core/Src/stm32f1xx_hal_msp.o
 .debug_macro   0x0001694b      0x1b0 ./Core/Src/stm32f1xx_it.o
 .debug_macro   0x00016afb      0x197 ./Core/Src/system_stm32f1xx.o
 .debug_macro   0x00016c92      0x1cb ./Core/Src/traffic_light.o
 .debug_macro   0x00016e5d      0x1bb ./Drivers/STM32F1xx_HAL_Driver/Src/stm32f1xx_hal.o
 .debug_macro   0x00017018      0x197 ./Drivers/STM32F1xx_HAL_Driver/Src/stm32f1xx_hal_cortex.o
 .debug_macro   0x000171af      0x202 ./Drivers/STM32F1xx_HAL_Driver/Src/stm32f1xx_hal_gpio.o
 .debug_macro   0x000173b1      0x1a9 ./Drivers/STM32F1xx_HAL_Driver/Src/stm32f1xx_hal_rcc.o
 .debug_macro   0x0001755a      0x198 ./Drivers/STM32F1xx_HAL_Driver/Src/stm32f1xx_hal_tim.o
 .debug_macro   0x000176f2      0x197 ./Drivers/STM32F1xx_HAL_Driver/Src/stm32f1xx_hal_tim_ex.o

.debug_line     0x00000000     0xf17b
 .debug_line    0x00000000      0x892 ./Core/Src/7seg.o
 .debug_line    0x00000892      0x757 ./Core/Src/GPIO.o
 .debug_line    0x00000fe9      0x7bd ./Core/Src/Task.o
 .debug_line    0x000017a6      0x8f0 ./Core/Src/button.o
 .debug_line    0x00002096      0x7bd ./Core/Src/button_event.o
 .debug_line    0x00002853      0x89e ./Core/Src/fsm_automatic.o
 .debug_line    0x000030f1      0x8f3 ./Core/Src/fsm_config.o
 .debug_line    0x000039e4      0x810 ./Core/Src/fsm_manual.o
 .debug_line    0x000041f4      0x6f1 ./Core/Src/global.o
 .debug_line    0x000048e5      0x8c4 ./Core/Src/main.o
 .debug_line    0x000051a9      0x64d ./Core/Src/scheduler.o
 .debug_line    0x000057f6      0x16f ./Core/Src/software_timer.o
 .debug_line    0x00005965      0x725 ./Core/Src/stm32f1xx_hal_msp.o
 .debug_line    0x0000608a      0x7af ./Core/Src/stm32f1xx_it.o
 .debug_line    0x00006839      0x767 ./Core/Src/system_stm32f1xx.o
 .debug_line    0x00006fa0      0x7c9 ./Core/Src/traffic_light.o
 .debug_line    0x00007769       0x78 ./Core/Startup/startup_stm32f103c6tx.o
 .debug_line    0x000077e1      0x99b ./Drivers/STM32F1xx_HAL_Driver/Src/stm32f1xx_hal.o
 .debug_line    0x0000817c      0xb62 ./Drivers/STM32F1xx_HAL_Driver/Src/stm32f1xx_hal_cortex.o
 .debug_line    0x00008cde      0x9dd ./Drivers/STM32F1xx_HAL_Driver/Src/stm32f1xx_hal_gpio.o
 .debug_line    0x000096bb      0xe51 ./Drivers/STM32F1xx_HAL_Driver/Src/stm32f1xx_hal_rcc.o
 .debug_line    0x0000a50c     0x3443 ./Drivers/STM32F1xx_HAL_Driver/Src/stm32f1xx_hal_tim.o
 .debug_line    0x0000d94f     0x182c ./Drivers/STM32F1xx_HAL_Driver/Src/stm32f1xx_hal_tim_ex.o

.debug_str      0x00000000    0x82c63
 .debug_str     0x00000000    0x82c63 ./Core/Src/7seg.o
                              0x80013 (size before relaxing)
 .debug_str     0x00082c63    0x7fd0b ./Core/Src/GPIO.o
 .debug_str     0x00082c63    0x8006c ./Core/Src/Task.o
 .debug_str     0x00082c63    0x7fe74 ./Core/Src/button.o
 .debug_str     0x00082c63    0x7ff9a ./Core/Src/button_event.o
 .debug_str     0x00082c63    0x8002a ./Core/Src/fsm_automatic.o
 .debug_str     0x00082c63    0x8004b ./Core/Src/fsm_config.o
 .debug_str     0x00082c63    0x7fffb ./Core/Src/fsm_manual.o
 .debug_str     0x00082c63    0x7ff3b ./Core/Src/global.o
 .debug_str     0x00082c63    0x808e0 ./Core/Src/main.o
 .debug_str     0x00082c63     0x3e77 ./Core/Src/scheduler.o
 .debug_str     0x00082c63     0x2eee ./Core/Src/software_timer.o
 .debug_str     0x00082c63    0x804b3 ./Core/Src/stm32f1xx_hal_msp.o
 .debug_str     0x00082c63    0x801ee ./Core/Src/stm32f1xx_it.o
 .debug_str     0x00082c63    0x7f7cc ./Core/Src/system_stm32f1xx.o
 .debug_str     0x00082c63    0x7ffd9 ./Core/Src/traffic_light.o
 .debug_str     0x00082c63       0x80 ./Core/Startup/startup_stm32f103c6tx.o
 .debug_str     0x00082c63    0x7fec5 ./Drivers/STM32F1xx_HAL_Driver/Src/stm32f1xx_hal.o
 .debug_str     0x00082c63    0x7fe11 ./Drivers/STM32F1xx_HAL_Driver/Src/stm32f1xx_hal_cortex.o
 .debug_str     0x00082c63    0x7fb52 ./Drivers/STM32F1xx_HAL_Driver/Src/stm32f1xx_hal_gpio.o
 .debug_str     0x00082c63    0x7fbfb ./Drivers/STM32F1xx_HAL_Driver/Src/stm32f1xx_hal_rcc.o
 .debug_str     0x00082c63    0x80bfd ./Drivers/STM32F1xx_HAL_Driver/Src/stm32f1xx_hal_tim.o
 .debug_str     0x00082c63    0x80409 ./Drivers/STM32F1xx_HAL_Driver/Src/stm32f1xx_hal_tim_ex.o

.comment        0x00000000       0x43
 .comment       0x00000000       0x43 ./Core/Src/7seg.o
                                 0x44 (size before relaxing)
 .comment       0x00000043       0x44 ./Core/Src/GPIO.o
 .comment       0x00000043       0x44 ./Core/Src/Task.o
 .comment       0x00000043       0x44 ./Core/Src/button.o
 .comment       0x00000043       0x44 ./Core/Src/button_event.o
 .comment       0x00000043       0x44 ./Core/Src/fsm_automatic.o
 .comment       0x00000043       0x44 ./Core/Src/fsm_config.o
 .comment       0x00000043       0x44 ./Core/Src/fsm_manual.o
 .comment       0x00000043       0x44 ./Core/Src/global.o
 .comment       0x00000043       0x44 ./Core/Src/main.o
 .comment       0x00000043       0x44 ./Core/Src/scheduler.o
 .comment       0x00000043       0x44 ./Core/Src/software_timer.o
 .comment       0x00000043       0x44 ./Core/Src/stm32f1xx_hal_msp.o
 .comment       0x00000043       0x44 ./Core/Src/stm32f1xx_it.o
 .comment       0x00000043       0x44 ./Core/Src/system_stm32f1xx.o
 .comment       0x00000043       0x44 ./Core/Src/traffic_light.o
 .comment       0x00000043       0x44 ./Drivers/STM32F1xx_HAL_Driver/Src/stm32f1xx_hal.o
 .comment       0x00000043       0x44 ./Drivers/STM32F1xx_HAL_Driver/Src/stm32f1xx_hal_cortex.o
 .comment       0x00000043       0x44 ./Drivers/STM32F1xx_HAL_Driver/Src/stm32f1xx_hal_gpio.o
 .comment       0x00000043       0x44 ./Drivers/STM32F1xx_HAL_Driver/Src/stm32f1xx_hal_rcc.o
 .comment       0x00000043       0x44 ./Drivers/STM32F1xx_HAL_Driver/Src/stm32f1xx_hal_tim.o
 .comment       0x00000043       0x44 ./Drivers/STM32F1xx_HAL_Driver/Src/stm32f1xx_hal_tim_ex.o

.debug_frame    0x00000000     0x2a70
 .debug_frame   0x00000000       0xe0 ./Core/Src/7seg.o
 .debug_frame   0x000000e0       0xb8 ./Core/Src/GPIO.o
 .debug_frame   0x00000198       0x64 ./Core/Src/Task.o
 .debug_frame   0x000001fc       0xe8 ./Core/Src/button.o
 .debug_frame   0x000002e4       0x80 ./Core/Src/button_event.o
 .debug_frame   0x00000364       0x30 ./Core/Src/fsm_automatic.o
 .debug_frame   0x00000394       0x2c ./Core/Src/fsm_config.o
 .debug_frame   0x000003c0       0x2c ./Core/Src/fsm_manual.o
 .debug_frame   0x000003ec       0xd4 ./Core/Src/main.o
 .debug_frame   0x000004c0       0xe8 ./Core/Src/scheduler.o
 .debug_frame   0x000005a8       0xe8 ./Core/Src/software_timer.o
 .debug_frame   0x00000690       0x7c ./Core/Src/stm32f1xx_hal_msp.o
 .debug_frame   0x0000070c      0x114 ./Core/Src/stm32f1xx_it.o
 .debug_frame   0x00000820       0x50 ./Core/Src/system_stm32f1xx.o
 .debug_frame   0x00000870       0xd4 ./Core/Src/traffic_light.o
 .debug_frame   0x00000944      0x2e4 ./Drivers/STM32F1xx_HAL_Driver/Src/stm32f1xx_hal.o
 .debug_frame   0x00000c28      0x3f0 ./Drivers/STM32F1xx_HAL_Driver/Src/stm32f1xx_hal_cortex.o
 .debug_frame   0x00001018      0x130 ./Drivers/STM32F1xx_HAL_Driver/Src/stm32f1xx_hal_gpio.o
 .debug_frame   0x00001148      0x1f8 ./Drivers/STM32F1xx_HAL_Driver/Src/stm32f1xx_hal_rcc.o
 .debug_frame   0x00001340     0x10e4 ./Drivers/STM32F1xx_HAL_Driver/Src/stm32f1xx_hal_tim.o
 .debug_frame   0x00002424      0x600 ./Drivers/STM32F1xx_HAL_Driver/Src/stm32f1xx_hal_tim_ex.o
 .debug_frame   0x00002a24       0x20 C:/STM32Installed/STM32CubeIDE_2.1.1/STM32CubeIDE/plugins/com.st.stm32cube.ide.mcu.externaltools.gnu-tools-for-stm32.14.3.rel1.win32_1.0.100.202602081740/tools/bin/../lib/gcc/arm-none-eabi/14.3.1/../../../../arm-none-eabi/lib/thumb/v7-m/nofp\libc_nano.a(libc_a-memset.o)
 .debug_frame   0x00002a44       0x2c C:/STM32Installed/STM32CubeIDE_2.1.1/STM32CubeIDE/plugins/com.st.stm32cube.ide.mcu.externaltools.gnu-tools-for-stm32.14.3.rel1.win32_1.0.100.202602081740/tools/bin/../lib/gcc/arm-none-eabi/14.3.1/../../../../arm-none-eabi/lib/thumb/v7-m/nofp\libc_nano.a(libc_a-init.o)

.debug_line_str
                0x00000000       0x64
 .debug_line_str
                0x00000000       0x64 ./Core/Startup/startup_stm32f103c6tx.o
