Archive member included to satisfy reference by file (symbol)

c:/st/stm32cubeide_1.7.0/stm32cubeide/plugins/com.st.stm32cube.ide.mcu.externaltools.gnu-tools-for-stm32.9-2020-q2-update.win32_2.0.0.202105311346/tools/bin/../lib/gcc/arm-none-eabi/9.3.1/../../../../arm-none-eabi/lib/thumb/v7-m/nofp\libc_nano.a(lib_a-errno.o)
                              ./Core/Src/syscalls.o (__errno)
c:/st/stm32cubeide_1.7.0/stm32cubeide/plugins/com.st.stm32cube.ide.mcu.externaltools.gnu-tools-for-stm32.9-2020-q2-update.win32_2.0.0.202105311346/tools/bin/../lib/gcc/arm-none-eabi/9.3.1/../../../../arm-none-eabi/lib/thumb/v7-m/nofp\libc_nano.a(lib_a-exit.o)
                              c:/st/stm32cubeide_1.7.0/stm32cubeide/plugins/com.st.stm32cube.ide.mcu.externaltools.gnu-tools-for-stm32.9-2020-q2-update.win32_2.0.0.202105311346/tools/bin/../lib/gcc/arm-none-eabi/9.3.1/../../../../arm-none-eabi/lib/thumb/v7-m/nofp/crt0.o (exit)
c:/st/stm32cubeide_1.7.0/stm32cubeide/plugins/com.st.stm32cube.ide.mcu.externaltools.gnu-tools-for-stm32.9-2020-q2-update.win32_2.0.0.202105311346/tools/bin/../lib/gcc/arm-none-eabi/9.3.1/../../../../arm-none-eabi/lib/thumb/v7-m/nofp\libc_nano.a(lib_a-impure.o)
                              c:/st/stm32cubeide_1.7.0/stm32cubeide/plugins/com.st.stm32cube.ide.mcu.externaltools.gnu-tools-for-stm32.9-2020-q2-update.win32_2.0.0.202105311346/tools/bin/../lib/gcc/arm-none-eabi/9.3.1/../../../../arm-none-eabi/lib/thumb/v7-m/nofp\libc_nano.a(lib_a-exit.o) (_global_impure_ptr)
c:/st/stm32cubeide_1.7.0/stm32cubeide/plugins/com.st.stm32cube.ide.mcu.externaltools.gnu-tools-for-stm32.9-2020-q2-update.win32_2.0.0.202105311346/tools/bin/../lib/gcc/arm-none-eabi/9.3.1/../../../../arm-none-eabi/lib/thumb/v7-m/nofp\libc_nano.a(lib_a-init.o)
                              c:/st/stm32cubeide_1.7.0/stm32cubeide/plugins/com.st.stm32cube.ide.mcu.externaltools.gnu-tools-for-stm32.9-2020-q2-update.win32_2.0.0.202105311346/tools/bin/../lib/gcc/arm-none-eabi/9.3.1/../../../../arm-none-eabi/lib/thumb/v7-m/nofp/crt0.o (__libc_init_array)
c:/st/stm32cubeide_1.7.0/stm32cubeide/plugins/com.st.stm32cube.ide.mcu.externaltools.gnu-tools-for-stm32.9-2020-q2-update.win32_2.0.0.202105311346/tools/bin/../lib/gcc/arm-none-eabi/9.3.1/../../../../arm-none-eabi/lib/thumb/v7-m/nofp\libc_nano.a(lib_a-memset.o)
                              c:/st/stm32cubeide_1.7.0/stm32cubeide/plugins/com.st.stm32cube.ide.mcu.externaltools.gnu-tools-for-stm32.9-2020-q2-update.win32_2.0.0.202105311346/tools/bin/../lib/gcc/arm-none-eabi/9.3.1/../../../../arm-none-eabi/lib/thumb/v7-m/nofp/crt0.o (memset)

Allocating common symbols
Common symbol       size              file

uwTick              0x4               ./Drivers/STM32F1xx_HAL_Driver/Src/stm32f1xx_hal.o
pFlash              0x20              ./Drivers/STM32F1xx_HAL_Driver/Src/stm32f1xx_hal_flash.o
htim2               0x48              ./Core/Src/main.o

Discarded input sections

 .text          0x0000000000000000        0x0 c:/st/stm32cubeide_1.7.0/stm32cubeide/plugins/com.st.stm32cube.ide.mcu.externaltools.gnu-tools-for-stm32.9-2020-q2-update.win32_2.0.0.202105311346/tools/bin/../lib/gcc/arm-none-eabi/9.3.1/thumb/v7-m/nofp/crti.o
 .data          0x0000000000000000        0x0 c:/st/stm32cubeide_1.7.0/stm32cubeide/plugins/com.st.stm32cube.ide.mcu.externaltools.gnu-tools-for-stm32.9-2020-q2-update.win32_2.0.0.202105311346/tools/bin/../lib/gcc/arm-none-eabi/9.3.1/thumb/v7-m/nofp/crti.o
 .bss           0x0000000000000000        0x0 c:/st/stm32cubeide_1.7.0/stm32cubeide/plugins/com.st.stm32cube.ide.mcu.externaltools.gnu-tools-for-stm32.9-2020-q2-update.win32_2.0.0.202105311346/tools/bin/../lib/gcc/arm-none-eabi/9.3.1/thumb/v7-m/nofp/crti.o
 .data          0x0000000000000000        0x4 c:/st/stm32cubeide_1.7.0/stm32cubeide/plugins/com.st.stm32cube.ide.mcu.externaltools.gnu-tools-for-stm32.9-2020-q2-update.win32_2.0.0.202105311346/tools/bin/../lib/gcc/arm-none-eabi/9.3.1/thumb/v7-m/nofp/crtbegin.o
 .text          0x0000000000000000       0x7c c:/st/stm32cubeide_1.7.0/stm32cubeide/plugins/com.st.stm32cube.ide.mcu.externaltools.gnu-tools-for-stm32.9-2020-q2-update.win32_2.0.0.202105311346/tools/bin/../lib/gcc/arm-none-eabi/9.3.1/../../../../arm-none-eabi/lib/thumb/v7-m/nofp/crt0.o
 .data          0x0000000000000000        0x0 c:/st/stm32cubeide_1.7.0/stm32cubeide/plugins/com.st.stm32cube.ide.mcu.externaltools.gnu-tools-for-stm32.9-2020-q2-update.win32_2.0.0.202105311346/tools/bin/../lib/gcc/arm-none-eabi/9.3.1/../../../../arm-none-eabi/lib/thumb/v7-m/nofp/crt0.o
 .bss           0x0000000000000000        0x0 c:/st/stm32cubeide_1.7.0/stm32cubeide/plugins/com.st.stm32cube.ide.mcu.externaltools.gnu-tools-for-stm32.9-2020-q2-update.win32_2.0.0.202105311346/tools/bin/../lib/gcc/arm-none-eabi/9.3.1/../../../../arm-none-eabi/lib/thumb/v7-m/nofp/crt0.o
[...]
Memory Configuration

Name             Origin             Length             Attributes
RAM              0x0000000020000000 0x0000000000002800 xrw
FLASH            0x0000000008000000 0x0000000000008000 xr
*default*        0x0000000000000000 0xffffffffffffffff

Linker script and memory map

LOAD c:/st/stm32cubeide_1.7.0/stm32cubeide/plugins/com.st.stm32cube.ide.mcu.externaltools.gnu-tools-for-stm32.9-2020-q2-update.win32_2.0.0.202105311346/tools/bin/../lib/gcc/arm-none-eabi/9.3.1/thumb/v7-m/nofp/crti.o
LOAD c:/st/stm32cubeide_1.7.0/stm32cubeide/plugins/com.st.stm32cube.ide.mcu.externaltools.gnu-tools-for-stm32.9-2020-q2-update.win32_2.0.0.202105311346/tools/bin/../lib/gcc/arm-none-eabi/9.3.1/thumb/v7-m/nofp/crtbegin.o
LOAD c:/st/stm32cubeide_1.7.0/stm32cubeide/plugins/com.st.stm32cube.ide.mcu.externaltools.gnu-tools-for-stm32.9-2020-q2-update.win32_2.0.0.202105311346/tools/bin/../lib/gcc/arm-none-eabi/9.3.1/../../../../arm-none-eabi/lib/thumb/v7-m/nofp/crt0.o
LOAD ./Core/Src/7seg.o
LOAD ./Core/Src/Task.o
LOAD ./Core/Src/button.o
LOAD ./Core/Src/button_event.o
LOAD ./Core/Src/fsm_automatic.o
LOAD ./Core/Src/fsm_config.o
LOAD ./Core/Src/fsm_manual.o
LOAD ./Core/Src/global.o
LOAD ./Core/Src/gpio.o
LOAD ./Core/Src/main.o
LOAD ./Core/Src/scheduler.o
LOAD ./Core/Src/software_timer.o
LOAD ./Core/Src/stm32f1xx_hal_msp.o
LOAD ./Core/Src/stm32f1xx_it.o
LOAD ./Core/Src/syscalls.o
LOAD ./Core/Src/sysmem.o
LOAD ./Core/Src/system_stm32f1xx.o
LOAD ./Core/Src/traffic_light.o
LOAD ./Core/Startup/startup_stm32f103c6tx.o
LOAD ./Drivers/STM32F1xx_HAL_Driver/Src/stm32f1xx_hal.o
LOAD ./Drivers/STM32F1xx_HAL_Driver/Src/stm32f1xx_hal_cortex.o
LOAD ./Drivers/STM32F1xx_HAL_Driver/Src/stm32f1xx_hal_dma.o
LOAD ./Drivers/STM32F1xx_HAL_Driver/Src/stm32f1xx_hal_exti.o
LOAD ./Drivers/STM32F1xx_HAL_Driver/Src/stm32f1xx_hal_flash.o
LOAD ./Drivers/STM32F1xx_HAL_Driver/Src/stm32f1xx_hal_flash_ex.o
LOAD ./Drivers/STM32F1xx_HAL_Driver/Src/stm32f1xx_hal_gpio.o
LOAD ./Drivers/STM32F1xx_HAL_Driver/Src/stm32f1xx_hal_gpio_ex.o
LOAD ./Drivers/STM32F1xx_HAL_Driver/Src/stm32f1xx_hal_pwr.o
LOAD ./Drivers/STM32F1xx_HAL_Driver/Src/stm32f1xx_hal_rcc.o
LOAD ./Drivers/STM32F1xx_HAL_Driver/Src/stm32f1xx_hal_rcc_ex.o
LOAD ./Drivers/STM32F1xx_HAL_Driver/Src/stm32f1xx_hal_tim.o
LOAD ./Drivers/STM32F1xx_HAL_Driver/Src/stm32f1xx_hal_tim_ex.o
START GROUP
LOAD c:/st/stm32cubeide_1.7.0/stm32cubeide/plugins/com.st.stm32cube.ide.mcu.externaltools.gnu-tools-for-stm32.9-2020-q2-update.win32_2.0.0.202105311346/tools/bin/../lib/gcc/arm-none-eabi/9.3.1/../../../../arm-none-eabi/lib/thumb/v7-m/nofp\libc_nano.a
LOAD c:/st/stm32cubeide_1.7.0/stm32cubeide/plugins/com.st.stm32cube.ide.mcu.externaltools.gnu-tools-for-stm32.9-2020-q2-update.win32_2.0.0.202105311346/tools/bin/../lib/gcc/arm-none-eabi/9.3.1/../../../../arm-none-eabi/lib/thumb/v7-m/nofp\libm.a
END GROUP
START GROUP
LOAD c:/st/stm32cubeide_1.7.0/stm32cubeide/plugins/com.st.stm32cube.ide.mcu.externaltools.gnu-tools-for-stm32.9-2020-q2-update.win32_2.0.0.202105311346/tools/bin/../lib/gcc/arm-none-eabi/9.3.1/thumb/v7-m/nofp\libgcc.a
LOAD c:/st/stm32cubeide_1.7.0/stm32cubeide/plugins/com.st.stm32cube.ide.mcu.externaltools.gnu-tools-for-stm32.9-2020-q2-update.win32_2.0.0.202105311346/tools/bin/../lib/gcc/arm-none-eabi/9.3.1/../../../../arm-none-eabi/lib/thumb/v7-m/nofp\libc_nano.a
END GROUP
START GROUP
LOAD c:/st/stm32cubeide_1.7.0/stm32cubeide/plugins/com.st.stm32cube.ide.mcu.externaltools.gnu-tools-for-stm32.9-2020-q2-update.win32_2.0.0.202105311346/tools/bin/../lib/gcc/arm-none-eabi/9.3.1/thumb/v7-m/nofp\libgcc.a
LOAD c:/st/stm32cubeide_1.7.0/stm32cubeide/plugins/com.st.stm32cube.ide.mcu.externaltools.gnu-tools-for-stm32.9-2020-q2-update.win32_2.0.0.202105311346/tools/bin/../lib/gcc/arm-none-eabi/9.3.1/../../../../arm-none-eabi/lib/thumb/v7-m/nofp\libc_nano.a
LOAD c:/st/stm32cubeide_1.7.0/stm32cubeide/plugins/com.st.stm32cube.ide.mcu.externaltools.gnu-tools-for-stm32.9-2020-q2-update.win32_2.0.0.202105311346/tools/bin/../lib/gcc/arm-none-eabi/9.3.1/../../../../arm-none-eabi/lib/thumb/v7-m/nofp\libnosys.a
END GROUP
START GROUP
LOAD c:/st/stm32cubeide_1.7.0/stm32cubeide/plugins/com.st.stm32cube.ide.mcu.externaltools.gnu-tools-for-stm32.9-2020-q2-update.win32_2.0.0.202105311346/tools/bin/../lib/gcc/arm-none-eabi/9.3.1/thumb/v7-m/nofp\libgcc.a
LOAD c:/st/stm32cubeide_1.7.0/stm32cubeide/plugins/com.st.stm32cube.ide.mcu.externaltools.gnu-tools-for-stm32.9-2020-q2-update.win32_2.0.0.202105311346/tools/bin/../lib/gcc/arm-none-eabi/9.3.1/../../../../arm-none-eabi/lib/thumb/v7-m/nofp\libc_nano.a
LOAD c:/st/stm32cubeide_1.7.0/stm32cubeide/plugins/com.st.stm32cube.ide.mcu.externaltools.gnu-tools-for-stm32.9-2020-q2-update.win32_2.0.0.202105311346/tools/bin/../lib/gcc/arm-none-eabi/9.3.1/../../../../arm-none-eabi/lib/thumb/v7-m/nofp\libnosys.a
END GROUP
LOAD c:/st/stm32cubeide_1.7.0/stm32cubeide/plugins/com.st.stm32cube.ide.mcu.externaltools.gnu-tools-for-stm32.9-2020-q2-update.win32_2.0.0.202105311346/tools/bin/../lib/gcc/arm-none-eabi/9.3.1/thumb/v7-m/nofp/crtend.o
LOAD c:/st/stm32cubeide_1.7.0/stm32cubeide/plugins/com.st.stm32cube.ide.mcu.externaltools.gnu-tools-for-stm32.9-2020-q2-update.win32_2.0.0.202105311346/tools/bin/../lib/gcc/arm-none-eabi/9.3.1/thumb/v7-m/nofp/crtn.o
                0x0000000020002800                _estack = (ORIGIN (RAM) + LENGTH (RAM))
                0x0000000000000200                _Min_Heap_Size = 0x200
                0x0000000000000400                _Min_Stack_Size = 0x400

.isr_vector     0x0000000008000000      0x10c
                0x0000000008000000                . = ALIGN (0x4)
 *(.isr_vector)
 .isr_vector    0x0000000008000000      0x10c ./Core/Startup/startup_stm32f103c6tx.o
                0x0000000008000000                g_pfnVectors
                0x000000000800010c                . = ALIGN (0x4)

.text           0x000000000800010c     0x38b8
                0x000000000800010c                . = ALIGN (0x4)
 *(.text)
 .text          0x000000000800010c       0x40 c:/st/stm32cubeide_1.7.0/stm32cubeide/plugins/com.st.stm32cube.ide.mcu.externaltools.gnu-tools-for-stm32.9-2020-q2-update.win32_2.0.0.202105311346/tools/bin/../lib/gcc/arm-none-eabi/9.3.1/thumb/v7-m/nofp/crtbegin.o
 *(.text*)
 .text.display7SegLed
                0x000000000800014c       0x5c ./Core/Src/7seg.o
                0x000000000800014c                display7SegLed
 .text.updateTimerBuffer
                0x00000000080001a8       0x9c ./Core/Src/7seg.o
                0x00000000080001a8                updateTimerBuffer
 .text.clear7Seg
                0x0000000008000244       0x1a ./Core/Src/7seg.o
                0x0000000008000244                clear7Seg
 *fill*         0x000000000800025e        0x2 
 .text.ENSet    0x0000000008000260       0x70 ./Core/Src/7seg.o
                0x0000000008000260                ENSet
 .text.displayDigit1
                0x00000000080002d0      0x364 ./Core/Src/7seg.o
                0x00000000080002d0                displayDigit1
 .text.displayDigit2
                0x0000000008000634      0x3ec ./Core/Src/7seg.o
                0x0000000008000634                displayDigit2
 .text.BlinkLed
                0x0000000008000a20       0x2c ./Core/Src/Task.o
                0x0000000008000a20                BlinkLed
 .text.fsm_run_all
                0x0000000008000a4c       0x14 ./Core/Src/Task.o
                0x0000000008000a4c                fsm_run_all
 .text.doInit   0x0000000008000a60       0x24 ./Core/Src/Task.o
                0x0000000008000a60                doInit
 .text.button_init
                0x0000000008000a84       0xcc ./Core/Src/button.o
                0x0000000008000a84                button_init
 .text.getKeyInput
                0x0000000008000b50      0x210 ./Core/Src/button.o
                0x0000000008000b50                getKeyInput
 .text.isButtonPressed
                0x0000000008000d60       0x44 ./Core/Src/button.o
                0x0000000008000d60                isButtonPressed
 .text.isButtonLongPressed
                0x0000000008000da4       0x44 ./Core/Src/button.o
                0x0000000008000da4                isButtonLongPressed
 .text.isButtonDoubleClicked
                0x0000000008000de8       0x44 ./Core/Src/button.o
                0x0000000008000de8                isButtonDoubleClicked
 .text.button_event_scan
                0x0000000008000e2c       0x14 ./Core/Src/button_event.o
                0x0000000008000e2c                button_event_scan
 .text.getModeFlag
                0x0000000008000e40       0x20 ./Core/Src/button_event.o
                0x0000000008000e40                getModeFlag
 .text.getConfigFlag
                0x0000000008000e60       0x3c ./Core/Src/button_event.o
                0x0000000008000e60                getConfigFlag
 .text.getManualFlag
                0x0000000008000e9c       0x4c ./Core/Src/button_event.o
                0x0000000008000e9c                getManualFlag
 .text.fsm_automatic_run
                0x0000000008000ee8      0x2f0 ./Core/Src/fsm_automatic.o
                0x0000000008000ee8                fsm_automatic_run
 .text.fsm_config_run
                0x00000000080011d8      0x3b4 ./Core/Src/fsm_config.o
                0x00000000080011d8                fsm_config_run
 .text.fsm_manual_run
                0x000000000800158c      0x1e8 ./Core/Src/fsm_manual.o
                0x000000000800158c                fsm_manual_run
 .text.ALL_RED_toggle
                0x0000000008001774       0x18 ./Core/Src/gpio.o
                0x0000000008001774                ALL_RED_toggle
 .text.ALL_YELLOW_toggle
                0x000000000800178c       0x18 ./Core/Src/gpio.o
                0x000000000800178c                ALL_YELLOW_toggle
 .text.ALL_GREEN_toggle
                0x00000000080017a4       0x18 ./Core/Src/gpio.o
                0x00000000080017a4                ALL_GREEN_toggle
 .text.main     0x00000000080017bc       0x74 ./Core/Src/main.o
                0x00000000080017bc                main
 .text.SystemClock_Config
                0x0000000008001830       0x76 ./Core/Src/main.o
                0x0000000008001830                SystemClock_Config
 *fill*         0x00000000080018a6        0x2 
 .text.MX_TIM2_Init
                0x00000000080018a8       0x98 ./Core/Src/main.o
 .text.MX_GPIO_Init
                0x0000000008001940       0xe4 ./Core/Src/main.o
 .text.HAL_TIM_PeriodElapsedCallback
                0x0000000008001a24       0x14 ./Core/Src/main.o
                0x0000000008001a24                HAL_TIM_PeriodElapsedCallback
 .text.Error_Handler
                0x0000000008001a38        0xa ./Core/Src/main.o
                0x0000000008001a38                Error_Handler
 *fill*         0x0000000008001a42        0x2 
 .text.SCH_Init
                0x0000000008001a44       0x8c ./Core/Src/scheduler.o
                0x0000000008001a44                SCH_Init
 .text.SCH_TimerCallback
                0x0000000008001ad0       0x40 ./Core/Src/scheduler.o
                0x0000000008001ad0                SCH_TimerCallback
 .text.SCH_Add_Task
                0x0000000008001b10      0x200 ./Core/Src/scheduler.o
                0x0000000008001b10                SCH_Add_Task
 .text.SCH_Delete_Task
                0x0000000008001d10      0x140 ./Core/Src/scheduler.o
                0x0000000008001d10                SCH_Delete_Task
 .text.SCH_Dispatch_Tasks
                0x0000000008001e50       0x50 ./Core/Src/scheduler.o
                0x0000000008001e50                SCH_Dispatch_Tasks
 .text.Get_New_Task_ID
                0x0000000008001ea0       0x30 ./Core/Src/scheduler.o
 .text.setTimers
                0x0000000008001ed0       0x58 ./Core/Src/software_timer.o
                0x0000000008001ed0                setTimers
 .text.setTimer
                0x0000000008001f28       0x50 ./Core/Src/software_timer.o
                0x0000000008001f28                setTimer
 .text.timer_run
                0x0000000008001f78       0x60 ./Core/Src/software_timer.o
                0x0000000008001f78                timer_run
 .text.isTimerExpired
                0x0000000008001fd8       0x30 ./Core/Src/software_timer.o
                0x0000000008001fd8                isTimerExpired
 .text.getTimerCounter
                0x0000000008002008       0x30 ./Core/Src/software_timer.o
                0x0000000008002008                getTimerCounter
 .text.HAL_MspInit
                0x0000000008002038       0x64 ./Core/Src/stm32f1xx_hal_msp.o
                0x0000000008002038                HAL_MspInit
 .text.HAL_TIM_Base_MspInit
                0x000000000800209c       0x48 ./Core/Src/stm32f1xx_hal_msp.o
                0x000000000800209c                HAL_TIM_Base_MspInit
 .text.NMI_Handler
                0x00000000080020e4        0x6 ./Core/Src/stm32f1xx_it.o
                0x00000000080020e4                NMI_Handler
 .text.HardFault_Handler
                0x00000000080020ea        0x6 ./Core/Src/stm32f1xx_it.o
                0x00000000080020ea                HardFault_Handler
 .text.MemManage_Handler
                0x00000000080020f0        0x6 ./Core/Src/stm32f1xx_it.o
                0x00000000080020f0                MemManage_Handler
 .text.BusFault_Handler
                0x00000000080020f6        0x6 ./Core/Src/stm32f1xx_it.o
                0x00000000080020f6                BusFault_Handler
 .text.UsageFault_Handler
                0x00000000080020fc        0x6 ./Core/Src/stm32f1xx_it.o
                0x00000000080020fc                UsageFault_Handler
 .text.SVC_Handler
                0x0000000008002102        0xc ./Core/Src/stm32f1xx_it.o
                0x0000000008002102                SVC_Handler
 .text.DebugMon_Handler
                0x000000000800210e        0xc ./Core/Src/stm32f1xx_it.o
                0x000000000800210e                DebugMon_Handler
 .text.PendSV_Handler
                0x000000000800211a        0xc ./Core/Src/stm32f1xx_it.o
                0x000000000800211a                PendSV_Handler
 .text.SysTick_Handler
                0x0000000008002126        0xc ./Core/Src/stm32f1xx_it.o
                0x0000000008002126                SysTick_Handler
 *fill*         0x0000000008002132        0x2 
 .text.TIM2_IRQHandler
                0x0000000008002134       0x14 ./Core/Src/stm32f1xx_it.o
                0x0000000008002134                TIM2_IRQHandler
 .text.SystemInit
                0x0000000008002148        0xc ./Core/Src/system_stm32f1xx.o
                0x0000000008002148                SystemInit
 .text.YellowToRed1
                0x0000000008002154       0x38 ./Core/Src/traffic_light.o
                0x0000000008002154                YellowToRed1
 .text.RedToGreen1
                0x000000000800218c       0x38 ./Core/Src/traffic_light.o
                0x000000000800218c                RedToGreen1
 .text.GreenToYellow1
                0x00000000080021c4       0x38 ./Core/Src/traffic_light.o
                0x00000000080021c4                GreenToYellow1
 .text.YellowToRed2
                0x00000000080021fc       0x38 ./Core/Src/traffic_light.o
                0x00000000080021fc                YellowToRed2
 .text.RedToGreen2
                0x0000000008002234       0x38 ./Core/Src/traffic_light.o
                0x0000000008002234                RedToGreen2
 .text.GreenToYellow2
                0x000000000800226c       0x38 ./Core/Src/traffic_light.o
                0x000000000800226c                GreenToYellow2
 .text.clearAllLed
                0x00000000080022a4       0x90 ./Core/Src/traffic_light.o
                0x00000000080022a4                clearAllLed
 .text.Reset_Handler
                0x0000000008002334       0x48 ./Core/Startup/startup_stm32f103c6tx.o
                0x0000000008002334                Reset_Handler
 .text.Default_Handler
                0x000000000800237c        0x2 ./Core/Startup/startup_stm32f103c6tx.o
                0x000000000800237c                RTC_Alarm_IRQHandler
                0x000000000800237c                EXTI2_IRQHandler
                0x000000000800237c                TIM1_CC_IRQHandler
                0x000000000800237c                PVD_IRQHandler
                0x000000000800237c                EXTI3_IRQHandler
                0x000000000800237c                EXTI0_IRQHandler
                0x000000000800237c                ADC1_2_IRQHandler
                0x000000000800237c                SPI1_IRQHandler
                0x000000000800237c                TAMPER_IRQHandler
                0x000000000800237c                DMA1_Channel4_IRQHandler
                0x000000000800237c                RTC_IRQHandler
                0x000000000800237c                DMA1_Channel7_IRQHandler
                0x000000000800237c                CAN1_RX1_IRQHandler
                0x000000000800237c                I2C1_EV_IRQHandler
                0x000000000800237c                DMA1_Channel6_IRQHandler
                0x000000000800237c                TIM3_IRQHandler
                0x000000000800237c                RCC_IRQHandler
                0x000000000800237c                TIM1_TRG_COM_IRQHandler
                0x000000000800237c                DMA1_Channel1_IRQHandler
                0x000000000800237c                Default_Handler
                0x000000000800237c                EXTI15_10_IRQHandler
                0x000000000800237c                EXTI9_5_IRQHandler
                0x000000000800237c                DMA1_Channel5_IRQHandler
                0x000000000800237c                EXTI4_IRQHandler
                0x000000000800237c                USB_LP_CAN1_RX0_IRQHandler
                0x000000000800237c                USB_HP_CAN1_TX_IRQHandler
                0x000000000800237c                DMA1_Channel3_IRQHandler
                0x000000000800237c                TIM1_UP_IRQHandler
                0x000000000800237c                WWDG_IRQHandler
                0x000000000800237c                TIM1_BRK_IRQHandler
                0x000000000800237c                EXTI1_IRQHandler
                0x000000000800237c                USART2_IRQHandler
                0x000000000800237c                DMA1_Channel2_IRQHandler
                0x000000000800237c                CAN1_SCE_IRQHandler
                0x000000000800237c                FLASH_IRQHandler
                0x000000000800237c                USART1_IRQHandler
                0x000000000800237c                I2C1_ER_IRQHandler
                0x000000000800237c                USBWakeUp_IRQHandler
 *fill*         0x000000000800237e        0x2 
 .text.HAL_Init
                0x0000000008002380       0x2c ./Drivers/STM32F1xx_HAL_Driver/Src/stm32f1xx_hal.o
                0x0000000008002380                HAL_Init
 .text.HAL_InitTick
                0x00000000080023ac       0x60 ./Drivers/STM32F1xx_HAL_Driver/Src/stm32f1xx_hal.o
                0x00000000080023ac                HAL_InitTick
 .text.HAL_IncTick
                0x000000000800240c       0x24 ./Drivers/STM32F1xx_HAL_Driver/Src/stm32f1xx_hal.o
                0x000000000800240c                HAL_IncTick
 .text.HAL_GetTick
                0x0000000008002430       0x14 ./Drivers/STM32F1xx_HAL_Driver/Src/stm32f1xx_hal.o
                0x0000000008002430                HAL_GetTick
 .text.__NVIC_SetPriorityGrouping
                0x0000000008002444       0x48 ./Drivers/STM32F1xx_HAL_Driver/Src/stm32f1xx_hal_cortex.o
 .text.__NVIC_GetPriorityGrouping
                0x000000000800248c       0x1c ./Drivers/STM32F1xx_HAL_Driver/Src/stm32f1xx_hal_cortex.o
 .text.__NVIC_EnableIRQ
                0x00000000080024a8       0x38 ./Drivers/STM32F1xx_HAL_Driver/Src/stm32f1xx_hal_cortex.o
 .text.__NVIC_SetPriority
                0x00000000080024e0       0x54 ./Drivers/STM32F1xx_HAL_Driver/Src/stm32f1xx_hal_cortex.o
 .text.NVIC_EncodePriority
                0x0000000008002534       0x64 ./Drivers/STM32F1xx_HAL_Driver/Src/stm32f1xx_hal_cortex.o
 .text.SysTick_Config
                0x0000000008002598       0x44 ./Drivers/STM32F1xx_HAL_Driver/Src/stm32f1xx_hal_cortex.o
 .text.HAL_NVIC_SetPriorityGrouping
                0x00000000080025dc       0x16 ./Drivers/STM32F1xx_HAL_Driver/Src/stm32f1xx_hal_cortex.o
                0x00000000080025dc                HAL_NVIC_SetPriorityGrouping
 .text.HAL_NVIC_SetPriority
                0x00000000080025f2       0x38 ./Drivers/STM32F1xx_HAL_Driver/Src/stm32f1xx_hal_cortex.o
                0x00000000080025f2                HAL_NVIC_SetPriority
 .text.HAL_NVIC_EnableIRQ
                0x000000000800262a       0x1c ./Drivers/STM32F1xx_HAL_Driver/Src/stm32f1xx_hal_cortex.o
                0x000000000800262a                HAL_NVIC_EnableIRQ
 .text.HAL_SYSTICK_Config
                0x0000000008002646       0x18 ./Drivers/STM32F1xx_HAL_Driver/Src/stm32f1xx_hal_cortex.o
                0x0000000008002646                HAL_SYSTICK_Config
 *fill*         0x000000000800265e        0x2 
 .text.HAL_GPIO_Init
                0x0000000008002660      0x2f4 ./Drivers/STM32F1xx_HAL_Driver/Src/stm32f1xx_hal_gpio.o
                0x0000000008002660                HAL_GPIO_Init
 .text.HAL_GPIO_ReadPin
                0x0000000008002954       0x2e ./Drivers/STM32F1xx_HAL_Driver/Src/stm32f1xx_hal_gpio.o
                0x0000000008002954                HAL_GPIO_ReadPin
 .text.HAL_GPIO_WritePin
                0x0000000008002982       0x30 ./Drivers/STM32F1xx_HAL_Driver/Src/stm32f1xx_hal_gpio.o
                0x0000000008002982                HAL_GPIO_WritePin
 .text.HAL_GPIO_TogglePin
                0x00000000080029b2       0x32 ./Drivers/STM32F1xx_HAL_Driver/Src/stm32f1xx_hal_gpio.o
                0x00000000080029b2                HAL_GPIO_TogglePin
 .text.HAL_RCC_OscConfig
                0x00000000080029e4      0x500 ./Drivers/STM32F1xx_HAL_Driver/Src/stm32f1xx_hal_rcc.o
                0x00000000080029e4                HAL_RCC_OscConfig
 .text.HAL_RCC_ClockConfig
                0x0000000008002ee4      0x1d4 ./Drivers/STM32F1xx_HAL_Driver/Src/stm32f1xx_hal_rcc.o
                0x0000000008002ee4                HAL_RCC_ClockConfig
 .text.HAL_RCC_GetSysClockFreq
                0x00000000080030b8       0xa8 ./Drivers/STM32F1xx_HAL_Driver/Src/stm32f1xx_hal_rcc.o
                0x00000000080030b8                HAL_RCC_GetSysClockFreq
 .text.RCC_Delay
                0x0000000008003160       0x3c ./Drivers/STM32F1xx_HAL_Driver/Src/stm32f1xx_hal_rcc.o
 .text.HAL_TIM_Base_Init
                0x000000000800319c       0x9e ./Drivers/STM32F1xx_HAL_Driver/Src/stm32f1xx_hal_tim.o
                0x000000000800319c                HAL_TIM_Base_Init
 *fill*         0x000000000800323a        0x2 
 .text.HAL_TIM_Base_Start_IT
                0x000000000800323c       0x98 ./Drivers/STM32F1xx_HAL_Driver/Src/stm32f1xx_hal_tim.o
                0x000000000800323c                HAL_TIM_Base_Start_IT
 .text.HAL_TIM_IRQHandler
                0x00000000080032d4      0x1e0 ./Drivers/STM32F1xx_HAL_Driver/Src/stm32f1xx_hal_tim.o
                0x00000000080032d4                HAL_TIM_IRQHandler
 .text.HAL_TIM_ConfigClockSource
                0x00000000080034b4      0x18e ./Drivers/STM32F1xx_HAL_Driver/Src/stm32f1xx_hal_tim.o
                0x00000000080034b4                HAL_TIM_ConfigClockSource
 .text.HAL_TIM_OC_DelayElapsedCallback
                0x0000000008003642       0x12 ./Drivers/STM32F1xx_HAL_Driver/Src/stm32f1xx_hal_tim.o
                0x0000000008003642                HAL_TIM_OC_DelayElapsedCallback
 .text.HAL_TIM_IC_CaptureCallback
                0x0000000008003654       0x12 ./Drivers/STM32F1xx_HAL_Driver/Src/stm32f1xx_hal_tim.o
                0x0000000008003654                HAL_TIM_IC_CaptureCallback
 .text.HAL_TIM_PWM_PulseFinishedCallback
                0x0000000008003666       0x12 ./Drivers/STM32F1xx_HAL_Driver/Src/stm32f1xx_hal_tim.o
                0x0000000008003666                HAL_TIM_PWM_PulseFinishedCallback
 .text.HAL_TIM_TriggerCallback
                0x0000000008003678       0x12 ./Drivers/STM32F1xx_HAL_Driver/Src/stm32f1xx_hal_tim.o
                0x0000000008003678                HAL_TIM_TriggerCallback
 *fill*         0x000000000800368a        0x2 
 .text.TIM_Base_SetConfig
                0x000000000800368c       0xc8 ./Drivers/STM32F1xx_HAL_Driver/Src/stm32f1xx_hal_tim.o
                0x000000000800368c                TIM_Base_SetConfig
 .text.TIM_TI1_ConfigInputStage
                0x0000000008003754       0x5c ./Drivers/STM32F1xx_HAL_Driver/Src/stm32f1xx_hal_tim.o
 .text.TIM_TI2_ConfigInputStage
                0x00000000080037b0       0x5e ./Drivers/STM32F1xx_HAL_Driver/Src/stm32f1xx_hal_tim.o
 .text.TIM_ITRx_SetConfig
                0x000000000800380e       0x34 ./Drivers/STM32F1xx_HAL_Driver/Src/stm32f1xx_hal_tim.o
 .text.TIM_ETR_SetConfig
                0x0000000008003842       0x3e ./Drivers/STM32F1xx_HAL_Driver/Src/stm32f1xx_hal_tim.o
                0x0000000008003842                TIM_ETR_SetConfig
 .text.HAL_TIMEx_MasterConfigSynchronization
                0x0000000008003880       0xb0 ./Drivers/STM32F1xx_HAL_Driver/Src/stm32f1xx_hal_tim_ex.o
                0x0000000008003880                HAL_TIMEx_MasterConfigSynchronization
 .text.HAL_TIMEx_CommutCallback
                0x0000000008003930       0x12 ./Drivers/STM32F1xx_HAL_Driver/Src/stm32f1xx_hal_tim_ex.o
                0x0000000008003930                HAL_TIMEx_CommutCallback
 .text.HAL_TIMEx_BreakCallback
                0x0000000008003942       0x12 ./Drivers/STM32F1xx_HAL_Driver/Src/stm32f1xx_hal_tim_ex.o
                0x0000000008003942                HAL_TIMEx_BreakCallback
 .text.__libc_init_array
                0x0000000008003954       0x48 c:/st/stm32cubeide_1.7.0/stm32cubeide/plugins/com.st.stm32cube.ide.mcu.externaltools.gnu-tools-for-stm32.9-2020-q2-update.win32_2.0.0.202105311346/tools/bin/../lib/gcc/arm-none-eabi/9.3.1/../../../../arm-none-eabi/lib/thumb/v7-m/nofp\libc_nano.a(lib_a-init.o)
                0x0000000008003954                __libc_init_array
 .text.memset   0x000000000800399c       0x10 c:/st/stm32cubeide_1.7.0/stm32cubeide/plugins/com.st.stm32cube.ide.mcu.externaltools.gnu-tools-for-stm32.9-2020-q2-update.win32_2.0.0.202105311346/tools/bin/../lib/gcc/arm-none-eabi/9.3.1/../../../../arm-none-eabi/lib/thumb/v7-m/nofp\libc_nano.a(lib_a-memset.o)
                0x000000000800399c                memset
 *(.glue_7)
 .glue_7        0x00000000080039ac        0x0 linker stubs
 *(.glue_7t)
 .glue_7t       0x00000000080039ac        0x0 linker stubs
 *(.eh_frame)
 .eh_frame      0x00000000080039ac        0x0 c:/st/stm32cubeide_1.7.0/stm32cubeide/plugins/com.st.stm32cube.ide.mcu.externaltools.gnu-tools-for-stm32.9-2020-q2-update.win32_2.0.0.202105311346/tools/bin/../lib/gcc/arm-none-eabi/9.3.1/thumb/v7-m/nofp/crtbegin.o
 *(.init)
 .init          0x00000000080039ac        0x4 c:/st/stm32cubeide_1.7.0/stm32cubeide/plugins/com.st.stm32cube.ide.mcu.externaltools.gnu-tools-for-stm32.9-2020-q2-update.win32_2.0.0.202105311346/tools/bin/../lib/gcc/arm-none-eabi/9.3.1/thumb/v7-m/nofp/crti.o
                0x00000000080039ac                _init
 .init          0x00000000080039b0        0x8 c:/st/stm32cubeide_1.7.0/stm32cubeide/plugins/com.st.stm32cube.ide.mcu.externaltools.gnu-tools-for-stm32.9-2020-q2-update.win32_2.0.0.202105311346/tools/bin/../lib/gcc/arm-none-eabi/9.3.1/thumb/v7-m/nofp/crtn.o
 *(.fini)
 .fini          0x00000000080039b8        0x4 c:/st/stm32cubeide_1.7.0/stm32cubeide/plugins/com.st.stm32cube.ide.mcu.externaltools.gnu-tools-for-stm32.9-2020-q2-update.win32_2.0.0.202105311346/tools/bin/../lib/gcc/arm-none-eabi/9.3.1/thumb/v7-m/nofp/crti.o
                0x00000000080039b8                _fini
 .fini          0x00000000080039bc        0x8 c:/st/stm32cubeide_1.7.0/stm32cubeide/plugins/com.st.stm32cube.ide.mcu.externaltools.gnu-tools-for-stm32.9-2020-q2-update.win32_2.0.0.202105311346/tools/bin/../lib/gcc/arm-none-eabi/9.3.1/thumb/v7-m/nofp/crtn.o
                0x00000000080039c4                . = ALIGN (0x4)
                0x00000000080039c4                _etext = .

.vfp11_veneer   0x00000000080039c4        0x0
 .vfp11_veneer  0x00000000080039c4        0x0 linker stubs

.v4_bx          0x00000000080039c4        0x0
 .v4_bx         0x00000000080039c4        0x0 linker stubs

.iplt           0x00000000080039c4        0x0
 .iplt          0x00000000080039c4        0x0 c:/st/stm32cubeide_1.7.0/stm32cubeide/plugins/com.st.stm32cube.ide.mcu.externaltools.gnu-tools-for-stm32.9-2020-q2-update.win32_2.0.0.202105311346/tools/bin/../lib/gcc/arm-none-eabi/9.3.1/thumb/v7-m/nofp/crtbegin.o

.rodata         0x00000000080039c4       0x24
                0x00000000080039c4                . = ALIGN (0x4)
 *(.rodata)
 *(.rodata*)
 .rodata.AHBPrescTable
                0x00000000080039c4       0x10 ./Core/Src/system_stm32f1xx.o
                0x00000000080039c4                AHBPrescTable
 .rodata.aPLLMULFactorTable.6032
                0x00000000080039d4       0x10 ./Drivers/STM32F1xx_HAL_Driver/Src/stm32f1xx_hal_rcc.o
 .rodata.aPredivFactorTable.6033
                0x00000000080039e4        0x2 ./Drivers/STM32F1xx_HAL_Driver/Src/stm32f1xx_hal_rcc.o
                0x00000000080039e8                . = ALIGN (0x4)
 *fill*         0x00000000080039e6        0x2 

.rel.dyn        0x00000000080039e8        0x0
 .rel.iplt      0x00000000080039e8        0x0 c:/st/stm32cubeide_1.7.0/stm32cubeide/plugins/com.st.stm32cube.ide.mcu.externaltools.gnu-tools-for-stm32.9-2020-q2-update.win32_2.0.0.202105311346/tools/bin/../lib/gcc/arm-none-eabi/9.3.1/thumb/v7-m/nofp/crtbegin.o

.ARM.extab      0x00000000080039e8        0x0
                0x00000000080039e8                . = ALIGN (0x4)
 *(.ARM.extab* .gnu.linkonce.armextab.*)
                0x00000000080039e8                . = ALIGN (0x4)

.ARM            0x00000000080039e8        0x0
                0x00000000080039e8                . = ALIGN (0x4)
                0x00000000080039e8                __exidx_start = .
 *(.ARM.exidx*)
                0x00000000080039e8                __exidx_end = .
                0x00000000080039e8                . = ALIGN (0x4)

.preinit_array  0x00000000080039e8        0x0
                0x00000000080039e8                . = ALIGN (0x4)
                0x00000000080039e8                PROVIDE (__preinit_array_start = .)
 *(.preinit_array*)
                0x00000000080039e8                PROVIDE (__preinit_array_end = .)
                0x00000000080039e8                . = ALIGN (0x4)

.init_array     0x00000000080039e8        0x4
                0x00000000080039e8                . = ALIGN (0x4)
                0x00000000080039e8                PROVIDE (__init_array_start = .)
 *(SORT_BY_NAME(.init_array.*))
 *(.init_array*)
 .init_array    0x00000000080039e8        0x4 c:/st/stm32cubeide_1.7.0/stm32cubeide/plugins/com.st.stm32cube.ide.mcu.externaltools.gnu-tools-for-stm32.9-2020-q2-update.win32_2.0.0.202105311346/tools/bin/../lib/gcc/arm-none-eabi/9.3.1/thumb/v7-m/nofp/crtbegin.o
                0x00000000080039ec                PROVIDE (__init_array_end = .)
                0x00000000080039ec                . = ALIGN (0x4)

.fini_array     0x00000000080039ec        0x4
                0x00000000080039ec                . = ALIGN (0x4)
                [!provide]                        PROVIDE (__fini_array_start = .)
 *(SORT_BY_NAME(.fini_array.*))
 *(.fini_array*)
 .fini_array    0x00000000080039ec        0x4 c:/st/stm32cubeide_1.7.0/stm32cubeide/plugins/com.st.stm32cube.ide.mcu.externaltools.gnu-tools-for-stm32.9-2020-q2-update.win32_2.0.0.202105311346/tools/bin/../lib/gcc/arm-none-eabi/9.3.1/thumb/v7-m/nofp/crtbegin.o
                [!provide]                        PROVIDE (__fini_array_end = .)
                0x00000000080039f0                . = ALIGN (0x4)
                0x00000000080039f0                _sidata = LOADADDR (.data)

.data           0x0000000020000000       0x2c load address 0x00000000080039f0
                0x0000000020000000                . = ALIGN (0x4)
                0x0000000020000000                _sdata = .
 *(.data)
 *(.data*)
 .data.buttonPorts
                0x0000000020000000        0xc ./Core/Src/button.o
 .data.buttonPins
                0x000000002000000c        0x6 ./Core/Src/button.o
 *fill*         0x0000000020000012        0x2 
 .data.RedTime  0x0000000020000014        0x4 ./Core/Src/global.o
                0x0000000020000014                RedTime
 .data.AmberTime
                0x0000000020000018        0x4 ./Core/Src/global.o
                0x0000000020000018                AmberTime
 .data.GreenTime
                0x000000002000001c        0x4 ./Core/Src/global.o
                0x000000002000001c                GreenTime
 .data.SystemCoreClock
                0x0000000020000020        0x4 ./Core/Src/system_stm32f1xx.o
                0x0000000020000020                SystemCoreClock
 .data.uwTickPrio
                0x0000000020000024        0x4 ./Drivers/STM32F1xx_HAL_Driver/Src/stm32f1xx_hal.o
                0x0000000020000024                uwTickPrio
 .data.uwTickFreq
                0x0000000020000028        0x1 ./Drivers/STM32F1xx_HAL_Driver/Src/stm32f1xx_hal.o
                0x0000000020000028                uwTickFreq
 *(.RamFunc)
 *(.RamFunc*)
                0x000000002000002c                . = ALIGN (0x4)
 *fill*         0x0000000020000029        0x3 
                0x000000002000002c                _edata = .

.igot.plt       0x000000002000002c        0x0 load address 0x0000000008003a1c
 .igot.plt      0x000000002000002c        0x0 c:/st/stm32cubeide_1.7.0/stm32cubeide/plugins/com.st.stm32cube.ide.mcu.externaltools.gnu-tools-for-stm32.9-2020-q2-update.win32_2.0.0.202105311346/tools/bin/../lib/gcc/arm-none-eabi/9.3.1/thumb/v7-m/nofp/crtbegin.o
                0x000000002000002c                . = ALIGN (0x4)

.bss            0x000000002000002c      0x218 load address 0x0000000008003a1c
                0x000000002000002c                _sbss = .
                0x000000002000002c                __bss_start__ = _sbss
 *(.bss)
 .bss           0x000000002000002c       0x1c c:/st/stm32cubeide_1.7.0/stm32cubeide/plugins/com.st.stm32cube.ide.mcu.externaltools.gnu-tools-for-stm32.9-2020-q2-update.win32_2.0.0.202105311346/tools/bin/../lib/gcc/arm-none-eabi/9.3.1/thumb/v7-m/nofp/crtbegin.o
 *(.bss*)
 .bss.currentEN
                0x0000000020000048        0x4 ./Core/Src/7seg.o
                0x0000000020000048                currentEN
 .bss.timer_buffer
                0x000000002000004c       0x10 ./Core/Src/7seg.o
                0x000000002000004c                timer_buffer
 .bss.KeyReg0   0x000000002000005c        0xc ./Core/Src/button.o
 .bss.KeyReg1   0x0000000020000068        0xc ./Core/Src/button.o
 .bss.KeyReg2   0x0000000020000074        0xc ./Core/Src/button.o
 .bss.KeyReg3   0x0000000020000080        0xc ./Core/Src/button.o
 .bss.TimerForKeyPress
                0x000000002000008c        0xc ./Core/Src/button.o
 .bss.button_flag
                0x0000000020000098        0xc ./Core/Src/button.o
 .bss.button_longPress_flag
                0x00000000200000a4        0xc ./Core/Src/button.o
 .bss.button_release_flag
                0x00000000200000b0        0xc ./Core/Src/button.o
 .bss.button_doubleClick_flag
                0x00000000200000bc        0xc ./Core/Src/button.o
 .bss.button_click_count
                0x00000000200000c8        0xc ./Core/Src/button.o
 .bss.doubleClickTimer
                0x00000000200000d4        0xc ./Core/Src/button.o
 .bss.red_temp  0x00000000200000e0        0x4 ./Core/Src/fsm_config.o
                0x00000000200000e0                red_temp
 .bss.amber_temp
                0x00000000200000e4        0x4 ./Core/Src/fsm_config.o
                0x00000000200000e4                amber_temp
 .bss.green_temp
                0x00000000200000e8        0x4 ./Core/Src/fsm_config.o
                0x00000000200000e8                green_temp
 .bss.status    0x00000000200000ec        0x4 ./Core/Src/global.o
                0x00000000200000ec                status
 .bss.flagchangeMode
                0x00000000200000f0        0x4 ./Core/Src/global.o
                0x00000000200000f0                flagchangeMode
 .bss.flagcontrolManual
                0x00000000200000f4        0x4 ./Core/Src/global.o
                0x00000000200000f4                flagcontrolManual
 .bss.flagcontrolConfig
                0x00000000200000f8        0x4 ./Core/Src/global.o
                0x00000000200000f8                flagcontrolConfig
 .bss.SCH_tasks_G
                0x00000000200000fc       0xc8 ./Core/Src/scheduler.o
 .bss.newTaskID
                0x00000000200001c4        0x4 ./Core/Src/scheduler.o
 .bss.timer_counter
                0x00000000200001c8       0x18 ./Core/Src/software_timer.o
                0x00000000200001c8                timer_counter
 .bss.timer_flag
                0x00000000200001e0       0x18 ./Core/Src/software_timer.o
                0x00000000200001e0                timer_flag
 *(COMMON)
 COMMON         0x00000000200001f8       0x48 ./Core/Src/main.o
                0x00000000200001f8                htim2
 COMMON         0x0000000020000240        0x4 ./Drivers/STM32F1xx_HAL_Driver/Src/stm32f1xx_hal.o
                0x0000000020000240                uwTick
                0x0000000020000244                . = ALIGN (0x4)
                0x0000000020000244                _ebss = .
                0x0000000020000244                __bss_end__ = _ebss

._user_heap_stack
                0x0000000020000244      0x604 load address 0x0000000008003a1c
                0x0000000020000248                . = ALIGN (0x8)
 *fill*         0x0000000020000244        0x4 
                [!provide]                        PROVIDE (end = .)
                0x0000000020000248                PROVIDE (_end = .)
                0x0000000020000448                . = (. + _Min_Heap_Size)
 *fill*         0x0000000020000248      0x200 
                0x0000000020000848                . = (. + _Min_Stack_Size)
 *fill*         0x0000000020000448      0x400 
                0x0000000020000848                . = ALIGN (0x8)

/DISCARD/
 libc.a(*)
 libm.a(*)
 libgcc.a(*)

.ARM.attributes
                0x0000000000000000       0x29
 *(.ARM.attributes)
 .ARM.attributes
                0x0000000000000000       0x1d c:/st/stm32cubeide_1.7.0/stm32cubeide/plugins/com.st.stm32cube.ide.mcu.externaltools.gnu-tools-for-stm32.9-2020-q2-update.win32_2.0.0.202105311346/tools/bin/../lib/gcc/arm-none-eabi/9.3.1/thumb/v7-m/nofp/crti.o
 .ARM.attributes
                0x000000000000001d       0x2d c:/st/stm32cubeide_1.7.0/stm32cubeide/plugins/com.st.stm32cube.ide.mcu.externaltools.gnu-tools-for-stm32.9-2020-q2-update.win32_2.0.0.202105311346/tools/bin/../lib/gcc/arm-none-eabi/9.3.1/thumb/v7-m/nofp/crtbegin.o
 .ARM.attributes
                0x000000000000004a       0x2d ./Core/Src/7seg.o
 .ARM.attributes
                0x0000000000000077       0x2d ./Core/Src/Task.o
 .ARM.attributes
                0x00000000000000a4       0x2d ./Core/Src/button.o
 .ARM.attributes
                0x00000000000000d1       0x2d ./Core/Src/button_event.o
 .ARM.attributes
                0x00000000000000fe       0x2d ./Core/Src/fsm_automatic.o
 .ARM.attributes
                0x000000000000012b       0x2d ./Core/Src/fsm_config.o
 .ARM.attributes
                0x0000000000000158       0x2d ./Core/Src/fsm_manual.o
 .ARM.attributes
                0x0000000000000185       0x33 ./Core/Src/global.o
 .ARM.attributes
                0x00000000000001b8       0x2d ./Core/Src/gpio.o
 .ARM.attributes
                0x00000000000001e5       0x2d ./Core/Src/main.o
 .ARM.attributes
                0x0000000000000212       0x2d ./Core/Src/scheduler.o
 .ARM.attributes
                0x000000000000023f       0x2d ./Core/Src/software_timer.o
 .ARM.attributes
                0x000000000000026c       0x2d ./Core/Src/stm32f1xx_hal_msp.o
 .ARM.attributes
                0x0000000000000299       0x2d ./Core/Src/stm32f1xx_it.o
 .ARM.attributes
                0x00000000000002c6       0x2d ./Core/Src/system_stm32f1xx.o
 .ARM.attributes
                0x00000000000002f3       0x2d ./Core/Src/traffic_light.o
 .ARM.attributes
                0x0000000000000320       0x21 ./Core/Startup/startup_stm32f103c6tx.o
 .ARM.attributes
                0x0000000000000341       0x2d ./Drivers/STM32F1xx_HAL_Driver/Src/stm32f1xx_hal.o
 .ARM.attributes
                0x000000000000036e       0x2d ./Drivers/STM32F1xx_HAL_Driver/Src/stm32f1xx_hal_cortex.o
 .ARM.attributes
                0x000000000000039b       0x2d ./Drivers/STM32F1xx_HAL_Driver/Src/stm32f1xx_hal_gpio.o
 .ARM.attributes
                0x00000000000003c8       0x2d ./Drivers/STM32F1xx_HAL_Driver/Src/stm32f1xx_hal_rcc.o
 .ARM.attributes
                0x00000000000003f5       0x2d ./Drivers/STM32F1xx_HAL_Driver/Src/stm32f1xx_hal_tim.o
 .ARM.attributes
                0x0000000000000422       0x2d ./Drivers/STM32F1xx_HAL_Driver/Src/stm32f1xx_hal_tim_ex.o
 .ARM.attributes
                0x000000000000044f       0x2d c:/st/stm32cubeide_1.7.0/stm32cubeide/plugins/com.st.stm32cube.ide.mcu.externaltools.gnu-tools-for-stm32.9-2020-q2-update.win32_2.0.0.202105311346/tools/bin/../lib/gcc/arm-none-eabi/9.3.1/../../../../arm-none-eabi/lib/thumb/v7-m/nofp\libc_nano.a(lib_a-init.o)
 .ARM.attributes
                0x000000000000047c       0x2d c:/st/stm32cubeide_1.7.0/stm32cubeide/plugins/com.st.stm32cube.ide.mcu.externaltools.gnu-tools-for-stm32.9-2020-q2-update.win32_2.0.0.202105311346/tools/bin/../lib/gcc/arm-none-eabi/9.3.1/../../../../arm-none-eabi/lib/thumb/v7-m/nofp\libc_nano.a(lib_a-memset.o)
 .ARM.attributes
                0x00000000000004a9       0x1d c:/st/stm32cubeide_1.7.0/stm32cubeide/plugins/com.st.stm32cube.ide.mcu.externaltools.gnu-tools-for-stm32.9-2020-q2-update.win32_2.0.0.202105311346/tools/bin/../lib/gcc/arm-none-eabi/9.3.1/thumb/v7-m/nofp/crtn.o
OUTPUT(STM32Lab4.elf elf32-littlearm)
LOAD linker stubs
LOAD c:/st/stm32cubeide_1.7.0/stm32cubeide/plugins/com.st.stm32cube.ide.mcu.externaltools.gnu-tools-for-stm32.9-2020-q2-update.win32_2.0.0.202105311346/tools/bin/../lib/gcc/arm-none-eabi/9.3.1/../../../../arm-none-eabi/lib/thumb/v7-m/nofp\libc.a
LOAD c:/st/stm32cubeide_1.7.0/stm32cubeide/plugins/com.st.stm32cube.ide.mcu.externaltools.gnu-tools-for-stm32.9-2020-q2-update.win32_2.0.0.202105311346/tools/bin/../lib/gcc/arm-none-eabi/9.3.1/../../../../arm-none-eabi/lib/thumb/v7-m/nofp\libm.a
LOAD c:/st/stm32cubeide_1.7.0/stm32cubeide/plugins/com.st.stm32cube.ide.mcu.externaltools.gnu-tools-for-stm32.9-2020-q2-update.win32_2.0.0.202105311346/tools/bin/../lib/gcc/arm-none-eabi/9.3.1/thumb/v7-m/nofp\libgcc.a

.debug_info     0x0000000000000000     0xa35a
 .debug_info    0x0000000000000000      0x39e ./Core/Src/7seg.o
 .debug_info    0x000000000000039e      0x29c ./Core/Src/Task.o
 .debug_info    0x000000000000063a      0x44d ./Core/Src/button.o
 .debug_info    0x0000000000000a87      0x21c ./Core/Src/button_event.o
 .debug_info    0x0000000000000ca3      0x1e6 ./Core/Src/fsm_automatic.o
 .debug_info    0x0000000000000e89      0x21c ./Core/Src/fsm_config.o
 .debug_info    0x00000000000010a5      0x1e6 ./Core/Src/fsm_manual.o
 .debug_info    0x000000000000128b      0x22e ./Core/Src/global.o
 .debug_info    0x00000000000014b9      0x27e ./Core/Src/gpio.o
 .debug_info    0x0000000000001737      0xc07 ./Core/Src/main.o
 .debug_info    0x000000000000233e      0x29b ./Core/Src/scheduler.o
 .debug_info    0x00000000000025d9      0x191 ./Core/Src/software_timer.o
 .debug_info    0x000000000000276a      0xa09 ./Core/Src/stm32f1xx_hal_msp.o
 .debug_info    0x0000000000003173      0x7b9 ./Core/Src/stm32f1xx_it.o
 .debug_info    0x000000000000392c      0x2be ./Core/Src/system_stm32f1xx.o
 .debug_info    0x0000000000003bea      0x2ff ./Core/Src/traffic_light.o
 .debug_info    0x0000000000003ee9       0x22 ./Core/Startup/startup_stm32f103c6tx.o
 .debug_info    0x0000000000003f0b      0x74c ./Drivers/STM32F1xx_HAL_Driver/Src/stm32f1xx_hal.o
 .debug_info    0x0000000000004657      0xbbe ./Drivers/STM32F1xx_HAL_Driver/Src/stm32f1xx_hal_cortex.o
 .debug_info    0x0000000000005215      0x701 ./Drivers/STM32F1xx_HAL_Driver/Src/stm32f1xx_hal_gpio.o
 .debug_info    0x0000000000005916      0x893 ./Drivers/STM32F1xx_HAL_Driver/Src/stm32f1xx_hal_rcc.o
 .debug_info    0x00000000000061a9     0x2c32 ./Drivers/STM32F1xx_HAL_Driver/Src/stm32f1xx_hal_tim.o
 .debug_info    0x0000000000008ddb     0x157f ./Drivers/STM32F1xx_HAL_Driver/Src/stm32f1xx_hal_tim_ex.o

.debug_abbrev   0x0000000000000000     0x20a3
 .debug_abbrev  0x0000000000000000      0x174 ./Core/Src/7seg.o
 .debug_abbrev  0x0000000000000174       0xf6 ./Core/Src/Task.o
 .debug_abbrev  0x000000000000026a      0x177 ./Core/Src/button.o
 .debug_abbrev  0x00000000000003e1       0xb6 ./Core/Src/button_event.o
 .debug_abbrev  0x0000000000000497       0xb6 ./Core/Src/fsm_automatic.o
 .debug_abbrev  0x000000000000054d       0xc9 ./Core/Src/fsm_config.o
 .debug_abbrev  0x0000000000000616       0xb6 ./Core/Src/fsm_manual.o
 .debug_abbrev  0x00000000000006cc       0xa9 ./Core/Src/global.o
 .debug_abbrev  0x0000000000000775       0xf6 ./Core/Src/gpio.o
 .debug_abbrev  0x000000000000086b      0x248 ./Core/Src/main.o
 .debug_abbrev  0x0000000000000ab3      0x16c ./Core/Src/scheduler.o
 .debug_abbrev  0x0000000000000c1f       0xe2 ./Core/Src/software_timer.o
 .debug_abbrev  0x0000000000000d01      0x1b7 ./Core/Src/stm32f1xx_hal_msp.o
 .debug_abbrev  0x0000000000000eb8      0x176 ./Core/Src/stm32f1xx_it.o
 .debug_abbrev  0x000000000000102e      0x14e ./Core/Src/system_stm32f1xx.o
 .debug_abbrev  0x000000000000117c       0xf6 ./Core/Src/traffic_light.o
 .debug_abbrev  0x0000000000001272       0x12 ./Core/Startup/startup_stm32f103c6tx.o
 .debug_abbrev  0x0000000000001284      0x1ed ./Drivers/STM32F1xx_HAL_Driver/Src/stm32f1xx_hal.o
 .debug_abbrev  0x0000000000001471      0x313 ./Drivers/STM32F1xx_HAL_Driver/Src/stm32f1xx_hal_cortex.o
 .debug_abbrev  0x0000000000001784      0x1e8 ./Drivers/STM32F1xx_HAL_Driver/Src/stm32f1xx_hal_gpio.o
 .debug_abbrev  0x000000000000196c      0x273 ./Drivers/STM32F1xx_HAL_Driver/Src/stm32f1xx_hal_rcc.o
 .debug_abbrev  0x0000000000001bdf      0x25e ./Drivers/STM32F1xx_HAL_Driver/Src/stm32f1xx_hal_tim.o
 .debug_abbrev  0x0000000000001e3d      0x266 ./Drivers/STM32F1xx_HAL_Driver/Src/stm32f1xx_hal_tim_ex.o

.debug_aranges  0x0000000000000000      0xbc8
 .debug_aranges
                0x0000000000000000       0x48 ./Core/Src/7seg.o
 .debug_aranges
                0x0000000000000048       0x30 ./Core/Src/Task.o
 .debug_aranges
                0x0000000000000078       0x48 ./Core/Src/button.o
 .debug_aranges
                0x00000000000000c0       0x38 ./Core/Src/button_event.o
 .debug_aranges
                0x00000000000000f8       0x20 ./Core/Src/fsm_automatic.o
 .debug_aranges
                0x0000000000000118       0x20 ./Core/Src/fsm_config.o
 .debug_aranges
                0x0000000000000138       0x20 ./Core/Src/fsm_manual.o
 .debug_aranges
                0x0000000000000158       0x18 ./Core/Src/global.o
 .debug_aranges
                0x0000000000000170       0x48 ./Core/Src/gpio.o
 .debug_aranges
                0x00000000000001b8       0x48 ./Core/Src/main.o
 .debug_aranges
                0x0000000000000200       0x48 ./Core/Src/scheduler.o
 .debug_aranges
                0x0000000000000248       0x48 ./Core/Src/software_timer.o
 .debug_aranges
                0x0000000000000290       0x30 ./Core/Src/stm32f1xx_hal_msp.o
 .debug_aranges
                0x00000000000002c0       0x68 ./Core/Src/stm32f1xx_it.o
 .debug_aranges
                0x0000000000000328       0x28 ./Core/Src/system_stm32f1xx.o
 .debug_aranges
                0x0000000000000350       0x50 ./Core/Src/traffic_light.o
 .debug_aranges
                0x00000000000003a0       0x28 ./Core/Startup/startup_stm32f103c6tx.o
 .debug_aranges
                0x00000000000003c8       0xe0 ./Drivers/STM32F1xx_HAL_Driver/Src/stm32f1xx_hal.o
 .debug_aranges
                0x00000000000004a8      0x100 ./Drivers/STM32F1xx_HAL_Driver/Src/stm32f1xx_hal_cortex.o
 .debug_aranges
                0x00000000000005a8       0x58 ./Drivers/STM32F1xx_HAL_Driver/Src/stm32f1xx_hal_gpio.o
 .debug_aranges
                0x0000000000000600       0x90 ./Drivers/STM32F1xx_HAL_Driver/Src/stm32f1xx_hal_rcc.o
 .debug_aranges
                0x0000000000000690      0x3d0 ./Drivers/STM32F1xx_HAL_Driver/Src/stm32f1xx_hal_tim.o
 .debug_aranges
                0x0000000000000a60      0x168 ./Drivers/STM32F1xx_HAL_Driver/Src/stm32f1xx_hal_tim_ex.o

.debug_ranges   0x0000000000000000      0xa58
 .debug_ranges  0x0000000000000000       0x38 ./Core/Src/7seg.o
 .debug_ranges  0x0000000000000038       0x20 ./Core/Src/Task.o
 .debug_ranges  0x0000000000000058       0x38 ./Core/Src/button.o
 .debug_ranges  0x0000000000000090       0x28 ./Core/Src/button_event.o
 .debug_ranges  0x00000000000000b8       0x10 ./Core/Src/fsm_automatic.o
 .debug_ranges  0x00000000000000c8       0x10 ./Core/Src/fsm_config.o
 .debug_ranges  0x00000000000000d8       0x10 ./Core/Src/fsm_manual.o
 .debug_ranges  0x00000000000000e8       0x38 ./Core/Src/gpio.o
 .debug_ranges  0x0000000000000120       0x38 ./Core/Src/main.o
 .debug_ranges  0x0000000000000158       0x38 ./Core/Src/scheduler.o
 .debug_ranges  0x0000000000000190       0x38 ./Core/Src/software_timer.o
 .debug_ranges  0x00000000000001c8       0x20 ./Core/Src/stm32f1xx_hal_msp.o
 .debug_ranges  0x00000000000001e8       0x58 ./Core/Src/stm32f1xx_it.o
 .debug_ranges  0x0000000000000240       0x18 ./Core/Src/system_stm32f1xx.o
 .debug_ranges  0x0000000000000258       0x40 ./Core/Src/traffic_light.o
 .debug_ranges  0x0000000000000298       0x20 ./Core/Startup/startup_stm32f103c6tx.o
 .debug_ranges  0x00000000000002b8       0xd0 ./Drivers/STM32F1xx_HAL_Driver/Src/stm32f1xx_hal.o
 .debug_ranges  0x0000000000000388       0xf0 ./Drivers/STM32F1xx_HAL_Driver/Src/stm32f1xx_hal_cortex.o
 .debug_ranges  0x0000000000000478       0x48 ./Drivers/STM32F1xx_HAL_Driver/Src/stm32f1xx_hal_gpio.o
 .debug_ranges  0x00000000000004c0       0x80 ./Drivers/STM32F1xx_HAL_Driver/Src/stm32f1xx_hal_rcc.o
 .debug_ranges  0x0000000000000540      0x3c0 ./Drivers/STM32F1xx_HAL_Driver/Src/stm32f1xx_hal_tim.o
 .debug_ranges  0x0000000000000900      0x158 ./Drivers/STM32F1xx_HAL_Driver/Src/stm32f1xx_hal_tim_ex.o

.debug_macro    0x0000000000000000    0x17845
 .debug_macro   0x0000000000000000      0x1da ./Core/Src/7seg.o
 .debug_macro   0x00000000000001da      0xa9c ./Core/Src/7seg.o
 .debug_macro   0x0000000000000c76       0x10 ./Core/Src/7seg.o
 .debug_macro   0x0000000000000c86       0xa6 ./Core/Src/7seg.o
 .debug_macro   0x0000000000000d2c       0x16 ./Core/Src/7seg.o
 .debug_macro   0x0000000000000d42      0x215 ./Core/Src/7seg.o
 .debug_macro   0x0000000000000f57       0x2e ./Core/Src/7seg.o
 .debug_macro   0x0000000000000f85       0x22 ./Core/Src/7seg.o
 .debug_macro   0x0000000000000fa7       0x22 ./Core/Src/7seg.o
 .debug_macro   0x0000000000000fc9       0x8e ./Core/Src/7seg.o
 .debug_macro   0x0000000000001057       0x51 ./Core/Src/7seg.o
 .debug_macro   0x00000000000010a8      0x103 ./Core/Src/7seg.o
 .debug_macro   0x00000000000011ab       0x6a ./Core/Src/7seg.o
 .debug_macro   0x0000000000001215      0x1df ./Core/Src/7seg.o
 .debug_macro   0x00000000000013f4       0x1c ./Core/Src/7seg.o
 .debug_macro   0x0000000000001410       0x22 ./Core/Src/7seg.o
 .debug_macro   0x0000000000001432       0xc3 ./Core/Src/7seg.o
 .debug_macro   0x00000000000014f5      0xd23 ./Core/Src/7seg.o
 .debug_macro   0x0000000000002218     0xde75 ./Core/Src/7seg.o
 .debug_macro   0x000000000001008d       0x6d ./Core/Src/7seg.o
 .debug_macro   0x00000000000100fa     0x34a2 ./Core/Src/7seg.o
 .debug_macro   0x000000000001359c      0x174 ./Core/Src/7seg.o
 .debug_macro   0x0000000000013710       0x5c ./Core/Src/7seg.o
 .debug_macro   0x000000000001376c      0x5bc ./Core/Src/7seg.o
 .debug_macro   0x0000000000013d28      0x1b7 ./Core/Src/7seg.o
 .debug_macro   0x0000000000013edf      0x1cb ./Core/Src/7seg.o
 .debug_macro   0x00000000000140aa      0x114 ./Core/Src/7seg.o
 .debug_macro   0x00000000000141be      0x1b2 ./Core/Src/7seg.o
 .debug_macro   0x0000000000014370       0x27 ./Core/Src/7seg.o
 .debug_macro   0x0000000000014397      0x12f ./Core/Src/7seg.o
 .debug_macro   0x00000000000144c6      0x1bc ./Core/Src/7seg.o
 .debug_macro   0x0000000000014682       0x34 ./Core/Src/7seg.o
 .debug_macro   0x00000000000146b6       0x3c ./Core/Src/7seg.o
 .debug_macro   0x00000000000146f2       0x57 ./Core/Src/7seg.o
 .debug_macro   0x0000000000014749       0x87 ./Core/Src/7seg.o
 .debug_macro   0x00000000000147d0      0x183 ./Core/Src/7seg.o
 .debug_macro   0x0000000000014953      0x140 ./Core/Src/7seg.o
 .debug_macro   0x0000000000014a93      0x8ed ./Core/Src/7seg.o
 .debug_macro   0x0000000000015380       0x69 ./Core/Src/7seg.o
 .debug_macro   0x00000000000153e9      0x184 ./Core/Src/7seg.o
 .debug_macro   0x000000000001556d       0x22 ./Core/Src/7seg.o
 .debug_macro   0x000000000001558f      0x21a ./Core/Src/Task.o
 .debug_macro   0x00000000000157a9      0x1b5 ./Core/Src/button.o
 .debug_macro   0x000000000001595e      0x1d1 ./Core/Src/button_event.o
 .debug_macro   0x0000000000015b2f      0x1e4 ./Core/Src/fsm_automatic.o
 .debug_macro   0x0000000000015d13      0x1e8 ./Core/Src/fsm_config.o
 .debug_macro   0x0000000000015efb       0x28 ./Core/Src/fsm_config.o
 .debug_macro   0x0000000000015f23      0x1ee ./Core/Src/fsm_manual.o
 .debug_macro   0x0000000000016111      0x1c7 ./Core/Src/global.o
 .debug_macro   0x00000000000162d8      0x1b0 ./Core/Src/gpio.o
 .debug_macro   0x0000000000016488      0x227 ./Core/Src/main.o
 .debug_macro   0x00000000000166af       0x16 ./Core/Src/main.o
 .debug_macro   0x00000000000166c5       0x72 ./Core/Src/scheduler.o
 .debug_macro   0x0000000000016737       0x10 ./Core/Src/scheduler.o
 .debug_macro   0x0000000000016747       0x1a ./Core/Src/software_timer.o
 .debug_macro   0x0000000000016761      0x1a6 ./Core/Src/stm32f1xx_hal_msp.o
 .debug_macro   0x0000000000016907      0x1b0 ./Core/Src/stm32f1xx_it.o
 .debug_macro   0x0000000000016ab7      0x197 ./Core/Src/system_stm32f1xx.o
 .debug_macro   0x0000000000016c4e      0x1cb ./Core/Src/traffic_light.o
 .debug_macro   0x0000000000016e19      0x1bb ./Drivers/STM32F1xx_HAL_Driver/Src/stm32f1xx_hal.o
 .debug_macro   0x0000000000016fd4      0x197 ./Drivers/STM32F1xx_HAL_Driver/Src/stm32f1xx_hal_cortex.o
 .debug_macro   0x000000000001716b      0x202 ./Drivers/STM32F1xx_HAL_Driver/Src/stm32f1xx_hal_gpio.o
 .debug_macro   0x000000000001736d      0x1a9 ./Drivers/STM32F1xx_HAL_Driver/Src/stm32f1xx_hal_rcc.o
 .debug_macro   0x0000000000017516      0x198 ./Drivers/STM32F1xx_HAL_Driver/Src/stm32f1xx_hal_tim.o
 .debug_macro   0x00000000000176ae      0x197 ./Drivers/STM32F1xx_HAL_Driver/Src/stm32f1xx_hal_tim_ex.o

.debug_line     0x0000000000000000     0xe60e
 .debug_line    0x0000000000000000      0x808 ./Core/Src/7seg.o
 .debug_line    0x0000000000000808      0x735 ./Core/Src/Task.o
 .debug_line    0x0000000000000f3d      0x889 ./Core/Src/button.o
 .debug_line    0x00000000000017c6      0x735 ./Core/Src/button_event.o
 .debug_line    0x0000000000001efb      0x7ba ./Core/Src/fsm_automatic.o
 .debug_line    0x00000000000026b5      0x837 ./Core/Src/fsm_config.o
 .debug_line    0x0000000000002eec      0x788 ./Core/Src/fsm_manual.o
 .debug_line    0x0000000000003674      0x66d ./Core/Src/global.o
 .debug_line    0x0000000000003ce1      0x6d1 ./Core/Src/gpio.o
 .debug_line    0x00000000000043b2      0x830 ./Core/Src/main.o
 .debug_line    0x0000000000004be2      0x5ef ./Core/Src/scheduler.o
 .debug_line    0x00000000000051d1      0x171 ./Core/Src/software_timer.o
 .debug_line    0x0000000000005342      0x6a1 ./Core/Src/stm32f1xx_hal_msp.o
 .debug_line    0x00000000000059e3      0x73f ./Core/Src/stm32f1xx_it.o
 .debug_line    0x0000000000006122      0x6e3 ./Core/Src/system_stm32f1xx.o
 .debug_line    0x0000000000006805      0x745 ./Core/Src/traffic_light.o
 .debug_line    0x0000000000006f4a       0x86 ./Core/Startup/startup_stm32f103c6tx.o
 .debug_line    0x0000000000006fd0      0x910 ./Drivers/STM32F1xx_HAL_Driver/Src/stm32f1xx_hal.o
 .debug_line    0x00000000000078e0      0xaf8 ./Drivers/STM32F1xx_HAL_Driver/Src/stm32f1xx_hal_cortex.o
 .debug_line    0x00000000000083d8      0x993 ./Drivers/STM32F1xx_HAL_Driver/Src/stm32f1xx_hal_gpio.o
 .debug_line    0x0000000000008d6b      0xd1c ./Drivers/STM32F1xx_HAL_Driver/Src/stm32f1xx_hal_rcc.o
 .debug_line    0x0000000000009a87     0x3361 ./Drivers/STM32F1xx_HAL_Driver/Src/stm32f1xx_hal_tim.o
 .debug_line    0x000000000000cde8     0x1826 ./Drivers/STM32F1xx_HAL_Driver/Src/stm32f1xx_hal_tim_ex.o

.debug_str      0x0000000000000000    0x82b4b
 .debug_str     0x0000000000000000    0x7fcd8 ./Core/Src/7seg.o
                                      0x80032 (size before relaxing)
 .debug_str     0x000000000007fcd8       0x9a ./Core/Src/Task.o
                                      0x8001d (size before relaxing)
 .debug_str     0x000000000007fd72      0x138 ./Core/Src/button.o
                                      0x7fe3e (size before relaxing)
 .debug_str     0x000000000007feaa       0x55 ./Core/Src/button_event.o
                                      0x7ff8d (size before relaxing)
 .debug_str     0x000000000007feff       0x2e ./Core/Src/fsm_automatic.o
                                      0x7ff9c (size before relaxing)
 .debug_str     0x000000000007ff2d       0x47 ./Core/Src/fsm_config.o
                                      0x7ffbf (size before relaxing)
 .debug_str     0x000000000007ff74       0x28 ./Core/Src/fsm_manual.o
                                      0x7ffa0 (size before relaxing)
 .debug_str     0x000000000007ff9c       0x15 ./Core/Src/global.o
                                      0x7ff38 (size before relaxing)
 .debug_str     0x000000000007ffb1       0x78 ./Core/Src/gpio.o
                                      0x7fce1 (size before relaxing)
 .debug_str     0x0000000000080029      0x70f ./Core/Src/main.o
                                      0x807c9 (size before relaxing)
 .debug_str     0x0000000000080738       0xc4 ./Core/Src/scheduler.o
                                       0x3db0 (size before relaxing)
 .debug_str     0x00000000000807fc       0x90 ./Core/Src/software_timer.o
                                       0x2e27 (size before relaxing)
 .debug_str     0x000000000008088c      0x2ba ./Core/Src/stm32f1xx_hal_msp.o
                                      0x80456 (size before relaxing)
 .debug_str     0x0000000000080b46       0xcd ./Core/Src/stm32f1xx_it.o
                                      0x801b8 (size before relaxing)
 .debug_str     0x0000000000080c13       0x52 ./Core/Src/system_stm32f1xx.o
                                      0x7f777 (size before relaxing)
 .debug_str     0x0000000000080c65       0x78 ./Core/Src/traffic_light.o
                                      0x7fff8 (size before relaxing)
 .debug_str     0x0000000000080cdd       0x36 ./Core/Startup/startup_stm32f103c6tx.o
                                         0x6b (size before relaxing)
 .debug_str     0x0000000000080d13      0x304 ./Drivers/STM32F1xx_HAL_Driver/Src/stm32f1xx_hal.o
                                      0x7fdce (size before relaxing)
 .debug_str     0x0000000000081017      0x2fa ./Drivers/STM32F1xx_HAL_Driver/Src/stm32f1xx_hal_cortex.o
                                      0x7fdd6 (size before relaxing)
 .debug_str     0x0000000000081311      0x31f ./Drivers/STM32F1xx_HAL_Driver/Src/stm32f1xx_hal_gpio.o
                                      0x7fb3b (size before relaxing)
 .debug_str     0x0000000000081630      0x24f ./Drivers/STM32F1xx_HAL_Driver/Src/stm32f1xx_hal_rcc.o
                                      0x7fb74 (size before relaxing)
 .debug_str     0x000000000008187f      0xdde ./Drivers/STM32F1xx_HAL_Driver/Src/stm32f1xx_hal_tim.o
                                      0x80b5d (size before relaxing)
 .debug_str     0x000000000008265d      0x4ee ./Drivers/STM32F1xx_HAL_Driver/Src/stm32f1xx_hal_tim_ex.o
                                      0x802fe (size before relaxing)

.comment        0x0000000000000000       0x53
 .comment       0x0000000000000000       0x53 ./Core/Src/7seg.o
                                         0x54 (size before relaxing)
 .comment       0x0000000000000053       0x54 ./Core/Src/Task.o
 .comment       0x0000000000000053       0x54 ./Core/Src/button.o
 .comment       0x0000000000000053       0x54 ./Core/Src/button_event.o
 .comment       0x0000000000000053       0x54 ./Core/Src/fsm_automatic.o
 .comment       0x0000000000000053       0x54 ./Core/Src/fsm_config.o
 .comment       0x0000000000000053       0x54 ./Core/Src/fsm_manual.o
 .comment       0x0000000000000053       0x54 ./Core/Src/global.o
 .comment       0x0000000000000053       0x54 ./Core/Src/gpio.o
 .comment       0x0000000000000053       0x54 ./Core/Src/main.o
 .comment       0x0000000000000053       0x54 ./Core/Src/scheduler.o
 .comment       0x0000000000000053       0x54 ./Core/Src/software_timer.o
 .comment       0x0000000000000053       0x54 ./Core/Src/stm32f1xx_hal_msp.o
 .comment       0x0000000000000053       0x54 ./Core/Src/stm32f1xx_it.o
 .comment       0x0000000000000053       0x54 ./Core/Src/system_stm32f1xx.o
 .comment       0x0000000000000053       0x54 ./Core/Src/traffic_light.o
 .comment       0x0000000000000053       0x54 ./Drivers/STM32F1xx_HAL_Driver/Src/stm32f1xx_hal.o
 .comment       0x0000000000000053       0x54 ./Drivers/STM32F1xx_HAL_Driver/Src/stm32f1xx_hal_cortex.o
 .comment       0x0000000000000053       0x54 ./Drivers/STM32F1xx_HAL_Driver/Src/stm32f1xx_hal_gpio.o
 .comment       0x0000000000000053       0x54 ./Drivers/STM32F1xx_HAL_Driver/Src/stm32f1xx_hal_rcc.o
 .comment       0x0000000000000053       0x54 ./Drivers/STM32F1xx_HAL_Driver/Src/stm32f1xx_hal_tim.o
 .comment       0x0000000000000053       0x54 ./Drivers/STM32F1xx_HAL_Driver/Src/stm32f1xx_hal_tim_ex.o

.debug_frame    0x0000000000000000     0x2c90
 .debug_frame   0x0000000000000000       0xe4 ./Core/Src/7seg.o
 .debug_frame   0x00000000000000e4       0x64 ./Core/Src/Task.o
 .debug_frame   0x0000000000000148       0xfc ./Core/Src/button.o
 .debug_frame   0x0000000000000244       0x80 ./Core/Src/button_event.o
 .debug_frame   0x00000000000002c4       0x30 ./Core/Src/fsm_automatic.o
 .debug_frame   0x00000000000002f4       0x2c ./Core/Src/fsm_config.o
 .debug_frame   0x0000000000000320       0x2c ./Core/Src/fsm_manual.o
 .debug_frame   0x000000000000034c       0xb8 ./Core/Src/gpio.o
 .debug_frame   0x0000000000000404       0xd4 ./Core/Src/main.o
 .debug_frame   0x00000000000004d8       0xf4 ./Core/Src/scheduler.o
 .debug_frame   0x00000000000005cc      0x100 ./Core/Src/software_timer.o
 .debug_frame   0x00000000000006cc       0x80 ./Core/Src/stm32f1xx_hal_msp.o
 .debug_frame   0x000000000000074c      0x120 ./Core/Src/stm32f1xx_it.o
 .debug_frame   0x000000000000086c       0x58 ./Core/Src/system_stm32f1xx.o
 .debug_frame   0x00000000000008c4       0xd4 ./Core/Src/traffic_light.o
 .debug_frame   0x0000000000000998      0x334 ./Drivers/STM32F1xx_HAL_Driver/Src/stm32f1xx_hal.o
 .debug_frame   0x0000000000000ccc      0x428 ./Drivers/STM32F1xx_HAL_Driver/Src/stm32f1xx_hal_cortex.o
 .debug_frame   0x00000000000010f4      0x14c ./Drivers/STM32F1xx_HAL_Driver/Src/stm32f1xx_hal_gpio.o
 .debug_frame   0x0000000000001240      0x218 ./Drivers/STM32F1xx_HAL_Driver/Src/stm32f1xx_hal_rcc.o
 .debug_frame   0x0000000000001458     0x11b4 ./Drivers/STM32F1xx_HAL_Driver/Src/stm32f1xx_hal_tim.o
 .debug_frame   0x000000000000260c      0x638 ./Drivers/STM32F1xx_HAL_Driver/Src/stm32f1xx_hal_tim_ex.o
 .debug_frame   0x0000000000002c44       0x2c c:/st/stm32cubeide_1.7.0/stm32cubeide/plugins/com.st.stm32cube.ide.mcu.externaltools.gnu-tools-for-stm32.9-2020-q2-update.win32_2.0.0.202105311346/tools/bin/../lib/gcc/arm-none-eabi/9.3.1/../../../../arm-none-eabi/lib/thumb/v7-m/nofp\libc_nano.a(lib_a-init.o)
 .debug_frame   0x0000000000002c70       0x20 c:/st/stm32cubeide_1.7.0/stm32cubeide/plugins/com.st.stm32cube.ide.mcu.externaltools.gnu-tools-for-stm32.9-2020-q2-update.win32_2.0.0.202105311346/tools/bin/../lib/gcc/arm-none-eabi/9.3.1/../../../../arm-none-eabi/lib/thumb/v7-m/nofp\libc_nano.a(lib_a-memset.o)
